Archive member included because of file (symbol)

..\..\..\..\bin\framework\peripheral\PIC32MX170F256D_peripherals.a(peripheral.o)
                              build/default/debug/_ext/1271179505/sys_devcon_pic32mx.o (PLIB_BMX_ExistsDataRamWaitState)

Optional file libmchp_peripheral.a not found

Optional file libmchp_peripheral_32MX170F256D.a not found
c:/program files (x86)/microchip/xc32/v1.43/bin/bin/../../lib/gcc/pic32mx/4.8.3\libgcc.a(_udivdi3.o)
                              build/default/debug/_ext/1264926591/sys_tmr.o (__udivdi3)
c:/program files (x86)/microchip/xc32/v1.43/bin/bin/../../lib/gcc/pic32mx/4.8.3/../../../../pic32mx/lib\libpic32.a(memcmp.o)
                              build/default/debug/_ext/2104899551/sys_fs_media_manager.o (memcmp)
c:/program files (x86)/microchip/xc32/v1.43/bin/bin/../../lib/gcc/pic32mx/4.8.3/../../../../pic32mx/lib\libpic32.a(memcpy.o)
                              build/default/debug/_ext/2104899551/sys_fs_media_manager.o (memcpy)
c:/program files (x86)/microchip/xc32/v1.43/bin/bin/../../lib/gcc/pic32mx/4.8.3/../../../../pic32mx/lib\libpic32.a(memset.o)
                              build/default/debug/_ext/715571337/drv_spi_static.o (memset)
c:/program files (x86)/microchip/xc32/v1.43/bin/bin/../../lib/gcc/pic32mx/4.8.3/../../../../pic32mx/lib\libpic32.a(strcmp.o)
                              build/default/debug/_ext/2104899551/sys_fs_media_manager.o (strcmp)
c:/program files (x86)/microchip/xc32/v1.43/bin/bin/../../lib/gcc/pic32mx/4.8.3/../../../../pic32mx/lib\libpic32.a(strcpy.o)
                              build/default/debug/_ext/1360937237/appSDCard.o (strcpy)
c:/program files (x86)/microchip/xc32/v1.43/bin/bin/../../lib/gcc/pic32mx/4.8.3/../../../../pic32mx/lib\libpic32.a(strlen.o)
                              build/default/debug/_ext/2104899551/sys_fs.o (strlen)
c:/program files (x86)/microchip/xc32/v1.43/bin/bin/../../lib/gcc/pic32mx/4.8.3/../../../../pic32mx/lib\libpic32.a(default-bootstrap-exception-handler.o)
                              c:/program files (x86)/microchip/xc32/v1.43/bin/bin/../../lib/gcc/pic32mx/4.8.3/../../../../pic32mx/lib/./proc/32MX170F256D/crt0_mips32r2.o (_bootstrap_exception_handler)
c:/program files (x86)/microchip/xc32/v1.43/bin/bin/../../lib/gcc/pic32mx/4.8.3/../../../../pic32mx/lib\libpic32.a(default-on-reset.o)
                              c:/program files (x86)/microchip/xc32/v1.43/bin/bin/../../lib/gcc/pic32mx/4.8.3/../../../../pic32mx/lib/./proc/32MX170F256D/crt0_mips32r2.o (_on_reset)
c:/program files (x86)/microchip/xc32/v1.43/bin/bin/../../lib/gcc/pic32mx/4.8.3/../../../../pic32mx/lib\libpic32.a(default-on-bootstrap.o)
                              c:/program files (x86)/microchip/xc32/v1.43/bin/bin/../../lib/gcc/pic32mx/4.8.3/../../../../pic32mx/lib/./proc/32MX170F256D/crt0_mips32r2.o (_on_bootstrap)
c:/program files (x86)/microchip/xc32/v1.43/bin/bin/../../lib/gcc/pic32mx/4.8.3/../../../../pic32mx/lib\libpic32.a(default-nmi-handler.o)
                              c:/program files (x86)/microchip/xc32/v1.43/bin/bin/../../lib/gcc/pic32mx/4.8.3/../../../../pic32mx/lib/./proc/32MX170F256D/crt0_mips32r2.o (_nmi_handler)
c:/program files (x86)/microchip/xc32/v1.43/bin/bin/../../lib/gcc/pic32mx/4.8.3/../../../../pic32mx/lib\libpic32.a(general-exception.o)
                              c:/program files (x86)/microchip/xc32/v1.43/bin/bin/../../lib/gcc/pic32mx/4.8.3/../../../../pic32mx/lib/./proc/32MX170F256D/crt0_mips32r2.o (_general_exception_context)
c:/program files (x86)/microchip/xc32/v1.43/bin/bin/../../lib/gcc/pic32mx/4.8.3/../../../../pic32mx/lib\libpic32.a(vector0.o)
                              c:/program files (x86)/microchip/xc32/v1.43/bin/bin/../../lib/gcc/pic32mx/4.8.3/../../../../pic32mx/lib/./proc/32MX170F256D\default_isr_vectors.o (__vector_dispatch_0)
c:/program files (x86)/microchip/xc32/v1.43/bin/bin/../../lib/gcc/pic32mx/4.8.3/../../../../pic32mx/lib\libpic32.a(vector1.o)
                              c:/program files (x86)/microchip/xc32/v1.43/bin/bin/../../lib/gcc/pic32mx/4.8.3/../../../../pic32mx/lib/./proc/32MX170F256D\default_isr_vectors.o (__vector_dispatch_1)
c:/program files (x86)/microchip/xc32/v1.43/bin/bin/../../lib/gcc/pic32mx/4.8.3/../../../../pic32mx/lib\libpic32.a(vector2.o)
                              c:/program files (x86)/microchip/xc32/v1.43/bin/bin/../../lib/gcc/pic32mx/4.8.3/../../../../pic32mx/lib/./proc/32MX170F256D\default_isr_vectors.o (__vector_dispatch_2)
c:/program files (x86)/microchip/xc32/v1.43/bin/bin/../../lib/gcc/pic32mx/4.8.3/../../../../pic32mx/lib\libpic32.a(vector3.o)
                              c:/program files (x86)/microchip/xc32/v1.43/bin/bin/../../lib/gcc/pic32mx/4.8.3/../../../../pic32mx/lib/./proc/32MX170F256D\default_isr_vectors.o (__vector_dispatch_3)
c:/program files (x86)/microchip/xc32/v1.43/bin/bin/../../lib/gcc/pic32mx/4.8.3/../../../../pic32mx/lib\libpic32.a(vector5.o)
[...]
Memory Configuration

Name             Origin             Length             Attributes
kseg0_data_mem   0x80000000         0x00000200
kseg1_data_mem   0xa0000000         0x00010000         w !x
kseg0_boot_mem   0x9fc00490         0x00000000
kseg1_boot_mem   0xbfc00000         0x00000490
kseg0_program_mem 0x9d000000         0x0003f000         xr
exception_mem    0x9d03f000         0x00001000
debug_exec_mem   0x9fc00490         0x00000760
config3          0xbfc00bf0         0x00000004
config2          0xbfc00bf4         0x00000004
config1          0xbfc00bf8         0x00000004
config0          0xbfc00bfc         0x00000004
sfrs             0xbf800000         0x00100000
configsfrs       0xbfc00bf0         0x00000010
*default*        0x00000000         0xffffffff

Linker script and memory map


reserve_data_0_kseg0
                0x80000000      0x200
                0x80000000        0x2 SHORT 0x0
                0x000001fd                . = 0x1fd
 *fill*         0x80000002      0x1fb 
                0x80000200                . = ALIGN (0x4)
 *fill*         0x800001fd        0x3 

reserve_data_0_kseg1
                0xa0000000      0x200
                0xa0000000        0x2 SHORT 0x0
                0x000001fd                . = 0x1fd
 *fill*         0xa0000002      0x1fb 
                0xa0000200                . = ALIGN (0x4)
 *fill*         0xa00001fd        0x3 

reserve_boot_0x1fc00490_kseg0
                0x9fc00490      0x760
                0x9fc00490        0x2 SHORT 0x0
                0x00000760                . = 0x760
 *fill*         0x9fc00492      0x75e 
                0x9fc00bf0                . = ALIGN (0x4)

reserve_boot_0x1fc00490_kseg1
                0xbfc00490      0x760
                0xbfc00490        0x2 SHORT 0x0
                0x00000760                . = 0x760
 *fill*         0xbfc00492      0x75e 
                0xbfc00bf0                . = ALIGN (0x4)
LOAD c:/program files (x86)/microchip/xc32/v1.43/bin/bin/../../lib/gcc/pic32mx/4.8.3/../../../../pic32mx/lib/./proc/32MX170F256D/crt0_mips32r2.o
LOAD c:/program files (x86)/microchip/xc32/v1.43/bin/bin/../../lib/gcc/pic32mx/4.8.3/../../../../pic32mx/lib\software-debug-break.o
LOAD build/default/debug/_ext/715571337/drv_spi_static.o
LOAD build/default/debug/_ext/715571337/drv_spi_mapping.o
LOAD build/default/debug/_ext/715571337/drv_spi_static_tasks.o
LOAD build/default/debug/_ext/715571337/drv_spi_static_sys_queue.o
LOAD build/default/debug/_ext/715571337/drv_spi_static_ebm_tasks.o
LOAD build/default/debug/_ext/1407244131/drv_tmr_static.o
LOAD build/default/debug/_ext/1407244131/drv_tmr_mapping.o
LOAD build/default/debug/_ext/327000265/drv_usart_mapping.o
LOAD build/default/debug/_ext/327000265/drv_usart_static.o
LOAD build/default/debug/_ext/327000265/drv_usart_static_byte_model.o
LOAD build/default/debug/_ext/639803181/sys_clk_static.o
LOAD build/default/debug/_ext/822048611/sys_ports_static.o
LOAD build/default/debug/_ext/1688732426/system_init.o
LOAD build/default/debug/_ext/1688732426/system_interrupt.o
LOAD build/default/debug/_ext/1688732426/system_exceptions.o
LOAD build/default/debug/_ext/1688732426/system_tasks.o
LOAD build/default/debug/_ext/1360937237/app.o
LOAD build/default/debug/_ext/1360937237/main.o
LOAD build/default/debug/_ext/1360937237/DriverLCD.o
LOAD build/default/debug/_ext/1360937237/glcdfont.o
LOAD build/default/debug/_ext/1360937237/Mc32Delays.o
LOAD build/default/debug/_ext/1360937237/Gest_Menu.o
LOAD build/default/debug/_ext/1360937237/GesFifoTh32.o
LOAD build/default/debug/_ext/1360937237/Gest_TFT.o
LOAD build/default/debug/_ext/1360937237/Mc32gest_RS232.o
LOAD build/default/debug/_ext/1360937237/appSDCard.o
LOAD build/default/debug/_ext/2000565276/drv_sdcard.o
LOAD build/default/debug/_ext/1271179505/sys_devcon.o
LOAD build/default/debug/_ext/1271179505/sys_devcon_pic32mx.o
LOAD build/default/debug/_ext/2104899551/sys_fs.o
LOAD build/default/debug/_ext/2104899551/sys_fs_media_manager.o
LOAD build/default/debug/_ext/66287330/ff.o
LOAD build/default/debug/_ext/2072869785/diskio.o
LOAD build/default/debug/_ext/122796885/sys_int_pic32.o
LOAD build/default/debug/_ext/1264926591/sys_tmr.o
LOAD ..\..\..\..\bin\framework\peripheral\PIC32MX170F256D_peripherals.a
                0x00000001                __MPLAB_BUILD = 0x1
                0x00000001                __MPLAB_DEBUG = 0x1
                0x00000001                __DEBUG = 0x1
                0x00000001                __MPLAB_DEBUGGER_ICD3 = 0x1
                0x00000000                _min_heap_size = 0x0
LOAD c:/program files (x86)/microchip/xc32/v1.43/bin/bin/../../lib/gcc/pic32mx/4.8.3/../../../../pic32mx/lib/./proc/32MX170F256D\default_isr_vectors.o
LOAD c:/program files (x86)/microchip/xc32/v1.43/bin/bin/../../lib/gcc/pic32mx/4.8.3/../../../../pic32mx/lib\pic32_software_reset.o
                0x00000400                PROVIDE (_min_stack_size, 0x400)
LOAD c:/program files (x86)/microchip/xc32/v1.43/bin/bin/../../lib/gcc/pic32mx/4.8.3/../../../../pic32mx/lib/./proc/32MX170F256D\processor.o
START GROUP
LOAD libmchp_peripheral.a
END GROUP
START GROUP
LOAD libmchp_peripheral_32MX170F256D.a
END GROUP
                0x00000001                PROVIDE (_vector_spacing, 0x1)
                0x9d03f000                PROVIDE (_ebase_address, 0x9d03f000)
                0xbfc00000                _RESET_ADDR = 0xbfc00000
                0xbfc00380                _BEV_EXCPT_ADDR = 0xbfc00380
                0xbfc00480                _DBG_EXCPT_ADDR = 0xbfc00480
                0x9fc00490                _DBG_CODE_ADDR = 0x9fc00490
                0x00000760                _DBG_CODE_SIZE = 0x760
                0x9d03f180                _GEN_EXCPT_ADDR = (_ebase_address + 0x180)

.config_BFC00BF0
                0xbfc00bf0        0x4
 *(.config_BFC00BF0)
 .config_BFC00BF0
                0xbfc00bf0        0x4 build/default/debug/_ext/1688732426/system_init.o

.config_BFC00BF4
                0xbfc00bf4        0x4
 *(.config_BFC00BF4)
 .config_BFC00BF4
                0xbfc00bf4        0x4 build/default/debug/_ext/1688732426/system_init.o

.config_BFC00BF8
                0xbfc00bf8        0x4
 *(.config_BFC00BF8)
 .config_BFC00BF8
                0xbfc00bf8        0x4 build/default/debug/_ext/1688732426/system_init.o

.config_BFC00BFC
                0xbfc00bfc        0x4
 *(.config_BFC00BFC)
 .config_BFC00BFC
                0xbfc00bfc        0x4 build/default/debug/_ext/1688732426/system_init.o
                0xbfc02000                PROVIDE (_DBG_CODE_ADDR, 0xbfc02000)
                0x00000ff0                PROVIDE (_DBG_CODE_SIZE, 0xff0)

.reset          0xbfc00000      0x1e4
 *(.reset)
 .reset         0xbfc00000        0x8 c:/program files (x86)/microchip/xc32/v1.43/bin/bin/../../lib/gcc/pic32mx/4.8.3/../../../../pic32mx/lib/./proc/32MX170F256D/crt0_mips32r2.o
                0xbfc00000                _reset
 *(.reset.startup)
 .reset.startup
                0xbfc00008      0x1dc c:/program files (x86)/microchip/xc32/v1.43/bin/bin/../../lib/gcc/pic32mx/4.8.3/../../../../pic32mx/lib/./proc/32MX170F256D/crt0_mips32r2.o
                0xbfc00008                _startup

.bev_excpt      0xbfc00380       0x10
 *(.bev_handler)
 .bev_handler   0xbfc00380       0x10 c:/program files (x86)/microchip/xc32/v1.43/bin/bin/../../lib/gcc/pic32mx/4.8.3/../../../../pic32mx/lib/./proc/32MX170F256D/crt0_mips32r2.o

.dbg_excpt      0xbfc00480        0x0
                0xbfc00480                . = (. + DEFINED (_DEBUGGER)?0x8:0x0)

.dbg_code       0x9fc00490        0x0
                0x9fc00490                . = (. + DEFINED (_DEBUGGER)?_DBG_CODE_SIZE:0x0)

.app_excpt      0x9d03f180       0x10
 *(.gen_handler)
 .gen_handler   0x9d03f180       0x10 c:/program files (x86)/microchip/xc32/v1.43/bin/bin/../../lib/gcc/pic32mx/4.8.3/../../../../pic32mx/lib/./proc/32MX170F256D/crt0_mips32r2.o

.vector_0       0x9d03f200        0x8
 *(.vector_0)
 .vector_0      0x9d03f200        0x8 c:/program files (x86)/microchip/xc32/v1.43/bin/bin/../../lib/gcc/pic32mx/4.8.3/../../../../pic32mx/lib\libpic32.a(vector0.o)
                0x9d03f200                __vector_dispatch_0
                0x00000001                ASSERT (((_vector_spacing == 0x0) || (SIZEOF (.vector_0) <= (_vector_spacing << 0x5))), function at exception vector 0 too large)

.vector_1       0x9d03f220        0x8
 *(.vector_1)
 .vector_1      0x9d03f220        0x8 c:/program files (x86)/microchip/xc32/v1.43/bin/bin/../../lib/gcc/pic32mx/4.8.3/../../../../pic32mx/lib\libpic32.a(vector1.o)
                0x9d03f220                __vector_dispatch_1
                0x00000001                ASSERT (((_vector_spacing == 0x0) || (SIZEOF (.vector_1) <= (_vector_spacing << 0x5))), function at exception vector 1 too large)

.vector_2       0x9d03f240        0x8
 *(.vector_2)
 .vector_2      0x9d03f240        0x8 c:/program files (x86)/microchip/xc32/v1.43/bin/bin/../../lib/gcc/pic32mx/4.8.3/../../../../pic32mx/lib\libpic32.a(vector2.o)
                0x9d03f240                __vector_dispatch_2
                0x00000001                ASSERT (((_vector_spacing == 0x0) || (SIZEOF (.vector_2) <= (_vector_spacing << 0x5))), function at exception vector 2 too large)

.vector_3       0x9d03f260        0x8
 *(.vector_3)
 .vector_3      0x9d03f260        0x8 c:/program files (x86)/microchip/xc32/v1.43/bin/bin/../../lib/gcc/pic32mx/4.8.3/../../../../pic32mx/lib\libpic32.a(vector3.o)
                0x9d03f260                __vector_dispatch_3
                0x00000001                ASSERT (((_vector_spacing == 0x0) || (SIZEOF (.vector_3) <= (_vector_spacing << 0x5))), function at exception vector 3 too large)

.vector_4       0x9d03f280        0x8
 *(.vector_4)
 .vector_4      0x9d03f280        0x8 build/default/debug/_ext/1688732426/system_interrupt.o
                0x9d03f280                __vector_dispatch_4
                0x00000001                ASSERT (((_vector_spacing == 0x0) || (SIZEOF (.vector_4) <= (_vector_spacing << 0x5))), function at exception vector 4 too large)

.vector_5       0x9d03f2a0        0x8
 *(.vector_5)
 .vector_5      0x9d03f2a0        0x8 c:/program files (x86)/microchip/xc32/v1.43/bin/bin/../../lib/gcc/pic32mx/4.8.3/../../../../pic32mx/lib\libpic32.a(vector5.o)
                0x9d03f2a0                __vector_dispatch_5
                0x00000001                ASSERT (((_vector_spacing == 0x0) || (SIZEOF (.vector_5) <= (_vector_spacing << 0x5))), function at exception vector 5 too large)

.vector_6       0x9d03f2c0        0x8
 *(.vector_6)
 .vector_6      0x9d03f2c0        0x8 c:/program files (x86)/microchip/xc32/v1.43/bin/bin/../../lib/gcc/pic32mx/4.8.3/../../../../pic32mx/lib\libpic32.a(vector6.o)
                0x9d03f2c0                __vector_dispatch_6
                0x00000001                ASSERT (((_vector_spacing == 0x0) || (SIZEOF (.vector_6) <= (_vector_spacing << 0x5))), function at exception vector 6 too large)

.vector_7       0x9d03f2e0        0x8
 *(.vector_7)
 .vector_7      0x9d03f2e0        0x8 c:/program files (x86)/microchip/xc32/v1.43/bin/bin/../../lib/gcc/pic32mx/4.8.3/../../../../pic32mx/lib\libpic32.a(vector7.o)
                0x9d03f2e0                __vector_dispatch_7
                0x00000001                ASSERT (((_vector_spacing == 0x0) || (SIZEOF (.vector_7) <= (_vector_spacing << 0x5))), function at exception vector 7 too large)

.vector_8       0x9d03f300        0x8
 *(.vector_8)
 .vector_8      0x9d03f300        0x8 c:/program files (x86)/microchip/xc32/v1.43/bin/bin/../../lib/gcc/pic32mx/4.8.3/../../../../pic32mx/lib\libpic32.a(vector8.o)
                0x9d03f300                __vector_dispatch_8
                0x00000001                ASSERT (((_vector_spacing == 0x0) || (SIZEOF (.vector_8) <= (_vector_spacing << 0x5))), function at exception vector 8 too large)

.vector_9       0x9d03f320        0x8
 *(.vector_9)
 .vector_9      0x9d03f320        0x8 c:/program files (x86)/microchip/xc32/v1.43/bin/bin/../../lib/gcc/pic32mx/4.8.3/../../../../pic32mx/lib\libpic32.a(vector9.o)
                0x9d03f320                __vector_dispatch_9
                0x00000001                ASSERT (((_vector_spacing == 0x0) || (SIZEOF (.vector_9) <= (_vector_spacing << 0x5))), function at exception vector 9 too large)

.vector_10      0x9d03f340        0x8
 *(.vector_10)
 .vector_10     0x9d03f340        0x8 c:/program files (x86)/microchip/xc32/v1.43/bin/bin/../../lib/gcc/pic32mx/4.8.3/../../../../pic32mx/lib\libpic32.a(vector10.o)
                0x9d03f340                __vector_dispatch_10
                0x00000001                ASSERT (((_vector_spacing == 0x0) || (SIZEOF (.vector_10) <= (_vector_spacing << 0x5))), function at exception vector 10 too large)

.vector_11      0x9d03f360        0x8
 *(.vector_11)
 .vector_11     0x9d03f360        0x8 c:/program files (x86)/microchip/xc32/v1.43/bin/bin/../../lib/gcc/pic32mx/4.8.3/../../../../pic32mx/lib\libpic32.a(vector11.o)
                0x9d03f360                __vector_dispatch_11
                0x00000001                ASSERT (((_vector_spacing == 0x0) || (SIZEOF (.vector_11) <= (_vector_spacing << 0x5))), function at exception vector 11 too large)

.vector_12      0x9d03f380        0x8
 *(.vector_12)
 .vector_12     0x9d03f380        0x8 c:/program files (x86)/microchip/xc32/v1.43/bin/bin/../../lib/gcc/pic32mx/4.8.3/../../../../pic32mx/lib\libpic32.a(vector12.o)
                0x9d03f380                __vector_dispatch_12
                0x00000001                ASSERT (((_vector_spacing == 0x0) || (SIZEOF (.vector_12) <= (_vector_spacing << 0x5))), function at exception vector 12 too large)

.vector_13      0x9d03f3a0        0x8
 *(.vector_13)
 .vector_13     0x9d03f3a0        0x8 c:/program files (x86)/microchip/xc32/v1.43/bin/bin/../../lib/gcc/pic32mx/4.8.3/../../../../pic32mx/lib\libpic32.a(vector13.o)
                0x9d03f3a0                __vector_dispatch_13
                0x00000001                ASSERT (((_vector_spacing == 0x0) || (SIZEOF (.vector_13) <= (_vector_spacing << 0x5))), function at exception vector 13 too large)

.vector_14      0x9d03f3c0        0x8
 *(.vector_14)
 .vector_14     0x9d03f3c0        0x8 c:/program files (x86)/microchip/xc32/v1.43/bin/bin/../../lib/gcc/pic32mx/4.8.3/../../../../pic32mx/lib\libpic32.a(vector14.o)
                0x9d03f3c0                __vector_dispatch_14
                0x00000001                ASSERT (((_vector_spacing == 0x0) || (SIZEOF (.vector_14) <= (_vector_spacing << 0x5))), function at exception vector 14 too large)

.vector_15      0x9d03f3e0        0x8
 *(.vector_15)
 .vector_15     0x9d03f3e0        0x8 c:/program files (x86)/microchip/xc32/v1.43/bin/bin/../../lib/gcc/pic32mx/4.8.3/../../../../pic32mx/lib\libpic32.a(vector15.o)
                0x9d03f3e0                __vector_dispatch_15
                0x00000001                ASSERT (((_vector_spacing == 0x0) || (SIZEOF (.vector_15) <= (_vector_spacing << 0x5))), function at exception vector 15 too large)

.vector_16      0x9d03f400        0x8
 *(.vector_16)
 .vector_16     0x9d03f400        0x8 c:/program files (x86)/microchip/xc32/v1.43/bin/bin/../../lib/gcc/pic32mx/4.8.3/../../../../pic32mx/lib\libpic32.a(vector16.o)
                0x9d03f400                __vector_dispatch_16
                0x00000001                ASSERT (((_vector_spacing == 0x0) || (SIZEOF (.vector_16) <= (_vector_spacing << 0x5))), function at exception vector 16 too large)

.vector_17      0x9d03f420        0x8
 *(.vector_17)
 .vector_17     0x9d03f420        0x8 c:/program files (x86)/microchip/xc32/v1.43/bin/bin/../../lib/gcc/pic32mx/4.8.3/../../../../pic32mx/lib\libpic32.a(vector17.o)
                0x9d03f420                __vector_dispatch_17
                0x00000001                ASSERT (((_vector_spacing == 0x0) || (SIZEOF (.vector_17) <= (_vector_spacing << 0x5))), function at exception vector 17 too large)

.vector_18      0x9d03f440        0x8
 *(.vector_18)
 .vector_18     0x9d03f440        0x8 c:/program files (x86)/microchip/xc32/v1.43/bin/bin/../../lib/gcc/pic32mx/4.8.3/../../../../pic32mx/lib\libpic32.a(vector18.o)
                0x9d03f440                __vector_dispatch_18
                0x00000001                ASSERT (((_vector_spacing == 0x0) || (SIZEOF (.vector_18) <= (_vector_spacing << 0x5))), function at exception vector 18 too large)

.vector_19      0x9d03f460        0x8
 *(.vector_19)
 .vector_19     0x9d03f460        0x8 c:/program files (x86)/microchip/xc32/v1.43/bin/bin/../../lib/gcc/pic32mx/4.8.3/../../../../pic32mx/lib\libpic32.a(vector19.o)
                0x9d03f460                __vector_dispatch_19
                0x00000001                ASSERT (((_vector_spacing == 0x0) || (SIZEOF (.vector_19) <= (_vector_spacing << 0x5))), function at exception vector 19 too large)

.vector_20      0x9d03f480        0x8
 *(.vector_20)
 .vector_20     0x9d03f480        0x8 c:/program files (x86)/microchip/xc32/v1.43/bin/bin/../../lib/gcc/pic32mx/4.8.3/../../../../pic32mx/lib\libpic32.a(vector20.o)
                0x9d03f480                __vector_dispatch_20
                0x00000001                ASSERT (((_vector_spacing == 0x0) || (SIZEOF (.vector_20) <= (_vector_spacing << 0x5))), function at exception vector 20 too large)

.vector_21      0x9d03f4a0        0x8
 *(.vector_21)
 .vector_21     0x9d03f4a0        0x8 c:/program files (x86)/microchip/xc32/v1.43/bin/bin/../../lib/gcc/pic32mx/4.8.3/../../../../pic32mx/lib\libpic32.a(vector21.o)
                0x9d03f4a0                __vector_dispatch_21
                0x00000001                ASSERT (((_vector_spacing == 0x0) || (SIZEOF (.vector_21) <= (_vector_spacing << 0x5))), function at exception vector 21 too large)

.vector_22      0x9d03f4c0        0x8
 *(.vector_22)
 .vector_22     0x9d03f4c0        0x8 c:/program files (x86)/microchip/xc32/v1.43/bin/bin/../../lib/gcc/pic32mx/4.8.3/../../../../pic32mx/lib\libpic32.a(vector22.o)
                0x9d03f4c0                __vector_dispatch_22
                0x00000001                ASSERT (((_vector_spacing == 0x0) || (SIZEOF (.vector_22) <= (_vector_spacing << 0x5))), function at exception vector 22 too large)

.vector_23      0x9d03f4e0        0x8
 *(.vector_23)
 .vector_23     0x9d03f4e0        0x8 c:/program files (x86)/microchip/xc32/v1.43/bin/bin/../../lib/gcc/pic32mx/4.8.3/../../../../pic32mx/lib\libpic32.a(vector23.o)
                0x9d03f4e0                __vector_dispatch_23
                0x00000001                ASSERT (((_vector_spacing == 0x0) || (SIZEOF (.vector_23) <= (_vector_spacing << 0x5))), function at exception vector 23 too large)

.vector_24      0x9d03f500        0x8
 *(.vector_24)
 .vector_24     0x9d03f500        0x8 c:/program files (x86)/microchip/xc32/v1.43/bin/bin/../../lib/gcc/pic32mx/4.8.3/../../../../pic32mx/lib\libpic32.a(vector24.o)
                0x9d03f500                __vector_dispatch_24
                0x00000001                ASSERT (((_vector_spacing == 0x0) || (SIZEOF (.vector_24) <= (_vector_spacing << 0x5))), function at exception vector 24 too large)

.vector_25      0x9d03f520        0x8
 *(.vector_25)
 .vector_25     0x9d03f520        0x8 c:/program files (x86)/microchip/xc32/v1.43/bin/bin/../../lib/gcc/pic32mx/4.8.3/../../../../pic32mx/lib\libpic32.a(vector25.o)
                0x9d03f520                __vector_dispatch_25
                0x00000001                ASSERT (((_vector_spacing == 0x0) || (SIZEOF (.vector_25) <= (_vector_spacing << 0x5))), function at exception vector 25 too large)

.vector_26      0x9d03f540        0x8
 *(.vector_26)
 .vector_26     0x9d03f540        0x8 c:/program files (x86)/microchip/xc32/v1.43/bin/bin/../../lib/gcc/pic32mx/4.8.3/../../../../pic32mx/lib\libpic32.a(vector26.o)
                0x9d03f540                __vector_dispatch_26
                0x00000001                ASSERT (((_vector_spacing == 0x0) || (SIZEOF (.vector_26) <= (_vector_spacing << 0x5))), function at exception vector 26 too large)

.vector_27      0x9d03f560        0x8
 *(.vector_27)
 .vector_27     0x9d03f560        0x8 c:/program files (x86)/microchip/xc32/v1.43/bin/bin/../../lib/gcc/pic32mx/4.8.3/../../../../pic32mx/lib\libpic32.a(vector27.o)
                0x9d03f560                __vector_dispatch_27
                0x00000001                ASSERT (((_vector_spacing == 0x0) || (SIZEOF (.vector_27) <= (_vector_spacing << 0x5))), function at exception vector 27 too large)

.vector_28      0x9d03f580        0x8
 *(.vector_28)
 .vector_28     0x9d03f580        0x8 c:/program files (x86)/microchip/xc32/v1.43/bin/bin/../../lib/gcc/pic32mx/4.8.3/../../../../pic32mx/lib\libpic32.a(vector28.o)
                0x9d03f580                __vector_dispatch_28
                0x00000001                ASSERT (((_vector_spacing == 0x0) || (SIZEOF (.vector_28) <= (_vector_spacing << 0x5))), function at exception vector 28 too large)

.vector_29      0x9d03f5a0        0x8
 *(.vector_29)
 .vector_29     0x9d03f5a0        0x8 c:/program files (x86)/microchip/xc32/v1.43/bin/bin/../../lib/gcc/pic32mx/4.8.3/../../../../pic32mx/lib\libpic32.a(vector29.o)
                0x9d03f5a0                __vector_dispatch_29
                0x00000001                ASSERT (((_vector_spacing == 0x0) || (SIZEOF (.vector_29) <= (_vector_spacing << 0x5))), function at exception vector 29 too large)

.vector_30      0x9d03f5c0        0x8
 *(.vector_30)
 .vector_30     0x9d03f5c0        0x8 c:/program files (x86)/microchip/xc32/v1.43/bin/bin/../../lib/gcc/pic32mx/4.8.3/../../../../pic32mx/lib\libpic32.a(vector30.o)
                0x9d03f5c0                __vector_dispatch_30
                0x00000001                ASSERT (((_vector_spacing == 0x0) || (SIZEOF (.vector_30) <= (_vector_spacing << 0x5))), function at exception vector 30 too large)

.vector_31      0x9d03f5e0        0x8
 *(.vector_31)
 .vector_31     0x9d03f5e0        0x8 build/default/debug/_ext/1688732426/system_interrupt.o
                0x9d03f5e0                __vector_dispatch_31
                0x00000001                ASSERT (((_vector_spacing == 0x0) || (SIZEOF (.vector_31) <= (_vector_spacing << 0x5))), function at exception vector 31 too large)

.vector_32      0x9d03f600        0x8
 *(.vector_32)
 .vector_32     0x9d03f600        0x8 build/default/debug/_ext/1360937237/Mc32gest_RS232.o
                0x9d03f600                __vector_dispatch_32
                0x00000001                ASSERT (((_vector_spacing == 0x0) || (SIZEOF (.vector_32) <= (_vector_spacing << 0x5))), function at exception vector 32 too large)

.vector_33      0x9d03f620        0x8
 *(.vector_33)
 .vector_33     0x9d03f620        0x8 c:/program files (x86)/microchip/xc32/v1.43/bin/bin/../../lib/gcc/pic32mx/4.8.3/../../../../pic32mx/lib\libpic32.a(vector33.o)
                0x9d03f620                __vector_dispatch_33
                0x00000001                ASSERT (((_vector_spacing == 0x0) || (SIZEOF (.vector_33) <= (_vector_spacing << 0x5))), function at exception vector 33 too large)

.vector_34      0x9d03f640        0x8
 *(.vector_34)
 .vector_34     0x9d03f640        0x8 build/default/debug/_ext/1360937237/Gest_Menu.o
                0x9d03f640                __vector_dispatch_34
                0x00000001                ASSERT (((_vector_spacing == 0x0) || (SIZEOF (.vector_34) <= (_vector_spacing << 0x5))), function at exception vector 34 too large)

.vector_35      0x9d03f660        0x8
 *(.vector_35)
 .vector_35     0x9d03f660        0x8 c:/program files (x86)/microchip/xc32/v1.43/bin/bin/../../lib/gcc/pic32mx/4.8.3/../../../../pic32mx/lib\libpic32.a(vector35.o)
                0x9d03f660                __vector_dispatch_35
                0x00000001                ASSERT (((_vector_spacing == 0x0) || (SIZEOF (.vector_35) <= (_vector_spacing << 0x5))), function at exception vector 35 too large)

.vector_36      0x9d03f680        0x8
 *(.vector_36)
 .vector_36     0x9d03f680        0x8 build/default/debug/_ext/1360937237/appSDCard.o
                0x9d03f680                __vector_dispatch_36
                0x00000001                ASSERT (((_vector_spacing == 0x0) || (SIZEOF (.vector_36) <= (_vector_spacing << 0x5))), function at exception vector 36 too large)

.vector_37      0x9d03f6a0        0x8
 *(.vector_37)
 .vector_37     0x9d03f6a0        0x8 c:/program files (x86)/microchip/xc32/v1.43/bin/bin/../../lib/gcc/pic32mx/4.8.3/../../../../pic32mx/lib\libpic32.a(vector37.o)
                0x9d03f6a0                __vector_dispatch_37
                0x00000001                ASSERT (((_vector_spacing == 0x0) || (SIZEOF (.vector_37) <= (_vector_spacing << 0x5))), function at exception vector 37 too large)

.vector_38      0x9d03f6c0        0x8
 *(.vector_38)
 .vector_38     0x9d03f6c0        0x8 c:/program files (x86)/microchip/xc32/v1.43/bin/bin/../../lib/gcc/pic32mx/4.8.3/../../../../pic32mx/lib\libpic32.a(vector38.o)
                0x9d03f6c0                __vector_dispatch_38
                0x00000001                ASSERT (((_vector_spacing == 0x0) || (SIZEOF (.vector_38) <= (_vector_spacing << 0x5))), function at exception vector 38 too large)

.vector_39      0x9d03f6e0        0x8
 *(.vector_39)
 .vector_39     0x9d03f6e0        0x8 c:/program files (x86)/microchip/xc32/v1.43/bin/bin/../../lib/gcc/pic32mx/4.8.3/../../../../pic32mx/lib\libpic32.a(vector39.o)
                0x9d03f6e0                __vector_dispatch_39
                0x00000001                ASSERT (((_vector_spacing == 0x0) || (SIZEOF (.vector_39) <= (_vector_spacing << 0x5))), function at exception vector 39 too large)

.vector_40      0x9d03f700        0x8
 *(.vector_40)
 .vector_40     0x9d03f700        0x8 c:/program files (x86)/microchip/xc32/v1.43/bin/bin/../../lib/gcc/pic32mx/4.8.3/../../../../pic32mx/lib\libpic32.a(vector40.o)
                0x9d03f700                __vector_dispatch_40
                0x00000001                ASSERT (((_vector_spacing == 0x0) || (SIZEOF (.vector_40) <= (_vector_spacing << 0x5))), function at exception vector 40 too large)

.vector_41      0x9d03f720        0x8
 *(.vector_41)
 .vector_41     0x9d03f720        0x8 c:/program files (x86)/microchip/xc32/v1.43/bin/bin/../../lib/gcc/pic32mx/4.8.3/../../../../pic32mx/lib\libpic32.a(vector41.o)
                0x9d03f720                __vector_dispatch_41
                0x00000001                ASSERT (((_vector_spacing == 0x0) || (SIZEOF (.vector_41) <= (_vector_spacing << 0x5))), function at exception vector 41 too large)

.vector_42      0x9d03f740        0x8
 *(.vector_42)
 .vector_42     0x9d03f740        0x8 c:/program files (x86)/microchip/xc32/v1.43/bin/bin/../../lib/gcc/pic32mx/4.8.3/../../../../pic32mx/lib\libpic32.a(vector42.o)
                0x9d03f740                __vector_dispatch_42
                0x00000001                ASSERT (((_vector_spacing == 0x0) || (SIZEOF (.vector_42) <= (_vector_spacing << 0x5))), function at exception vector 42 too large)

.vector_43      0x9d03f760        0x8
 *(.vector_43)
 .vector_43     0x9d03f760        0x8 c:/program files (x86)/microchip/xc32/v1.43/bin/bin/../../lib/gcc/pic32mx/4.8.3/../../../../pic32mx/lib\libpic32.a(vector43.o)
                0x9d03f760                __vector_dispatch_43
                0x00000001                ASSERT (((_vector_spacing == 0x0) || (SIZEOF (.vector_43) <= (_vector_spacing << 0x5))), function at exception vector 43 too large)

.vector_44      0x9d03f780        0x0
 *(.vector_44)
                0x00000001                ASSERT (((_vector_spacing == 0x0) || (SIZEOF (.vector_44) <= (_vector_spacing << 0x5))), function at exception vector 44 too large)

.vector_45      0x9d03f7a0        0x0
 *(.vector_45)
                0x00000001                ASSERT (((_vector_spacing == 0x0) || (SIZEOF (.vector_45) <= (_vector_spacing << 0x5))), function at exception vector 45 too large)

.vector_46      0x9d03f7c0        0x0
 *(.vector_46)
                0x00000001                ASSERT (((_vector_spacing == 0x0) || (SIZEOF (.vector_46) <= (_vector_spacing << 0x5))), function at exception vector 46 too large)

.vector_47      0x9d03f7e0        0x0
 *(.vector_47)
                0x00000001                ASSERT (((_vector_spacing == 0x0) || (SIZEOF (.vector_47) <= (_vector_spacing << 0x5))), function at exception vector 47 too large)

.vector_48      0x9d03f800        0x0
 *(.vector_48)
                0x00000001                ASSERT (((_vector_spacing == 0x0) || (SIZEOF (.vector_48) <= (_vector_spacing << 0x5))), function at exception vector 48 too large)

.vector_49      0x9d03f820        0x0
 *(.vector_49)
                0x00000001                ASSERT (((_vector_spacing == 0x0) || (SIZEOF (.vector_49) <= (_vector_spacing << 0x5))), function at exception vector 49 too large)

.vector_50      0x9d03f840        0x0
 *(.vector_50)
                0x00000001                ASSERT (((_vector_spacing == 0x0) || (SIZEOF (.vector_50) <= (_vector_spacing << 0x5))), function at exception vector 50 too large)

.vector_51      0x9d03f860        0x0
 *(.vector_51)
                0x00000001                ASSERT (((_vector_spacing == 0x0) || (SIZEOF (.vector_51) <= (_vector_spacing << 0x5))), function at exception vector 51 too large)

.vector_52      0x9d03f880        0x0
 *(.vector_52)
                0x00000001                ASSERT (((_vector_spacing == 0x0) || (SIZEOF (.vector_52) <= (_vector_spacing << 0x5))), function at exception vector 52 too large)

.vector_53      0x9d03f8a0        0x0
 *(.vector_53)
                0x00000001                ASSERT (((_vector_spacing == 0x0) || (SIZEOF (.vector_53) <= (_vector_spacing << 0x5))), function at exception vector 53 too large)

.vector_54      0x9d03f8c0        0x0
 *(.vector_54)
                0x00000001                ASSERT (((_vector_spacing == 0x0) || (SIZEOF (.vector_54) <= (_vector_spacing << 0x5))), function at exception vector 54 too large)

.vector_55      0x9d03f8e0        0x0
 *(.vector_55)
                0x00000001                ASSERT (((_vector_spacing == 0x0) || (SIZEOF (.vector_55) <= (_vector_spacing << 0x5))), function at exception vector 55 too large)

.vector_56      0x9d03f900        0x0
 *(.vector_56)
                0x00000001                ASSERT (((_vector_spacing == 0x0) || (SIZEOF (.vector_56) <= (_vector_spacing << 0x5))), function at exception vector 56 too large)

.vector_57      0x9d03f920        0x0
 *(.vector_57)
                0x00000001                ASSERT (((_vector_spacing == 0x0) || (SIZEOF (.vector_57) <= (_vector_spacing << 0x5))), function at exception vector 57 too large)

.vector_58      0x9d03f940        0x0
 *(.vector_58)
                0x00000001                ASSERT (((_vector_spacing == 0x0) || (SIZEOF (.vector_58) <= (_vector_spacing << 0x5))), function at exception vector 58 too large)

.vector_59      0x9d03f960        0x0
 *(.vector_59)
                0x00000001                ASSERT (((_vector_spacing == 0x0) || (SIZEOF (.vector_59) <= (_vector_spacing << 0x5))), function at exception vector 59 too large)

.vector_60      0x9d03f980        0x0
 *(.vector_60)
                0x00000001                ASSERT (((_vector_spacing == 0x0) || (SIZEOF (.vector_60) <= (_vector_spacing << 0x5))), function at exception vector 60 too large)

.vector_61      0x9d03f9a0        0x0
 *(.vector_61)
                0x00000001                ASSERT (((_vector_spacing == 0x0) || (SIZEOF (.vector_61) <= (_vector_spacing << 0x5))), function at exception vector 61 too large)

.vector_62      0x9d03f9c0        0x0
 *(.vector_62)
                0x00000001                ASSERT (((_vector_spacing == 0x0) || (SIZEOF (.vector_62) <= (_vector_spacing << 0x5))), function at exception vector 62 too large)

.vector_63      0x9d03f9e0        0x0
 *(.vector_63)
                0x00000001                ASSERT (((_vector_spacing == 0x0) || (SIZEOF (.vector_63) <= (_vector_spacing << 0x5))), function at exception vector 63 too large)

.startup
 *(.startup)

.text           0x9d000000        0x0
 *(.stub .gnu.linkonce.t.*)
 *(.text.*personality*)
 *(.mips16.fn.*)
 *(.mips16.call.*)
 *(.gnu.warning)
                0x9d000000                . = ALIGN (0x4)

.init           0x9d000000        0x0
 *crti.o(.init)
 *crtbegin.o(.init)
 *(EXCLUDE_FILE(*crtn.o *crtend?.o *crtend.o) .init)
 *crtend.o(.init)
 *crtn.o(.init)
                0x9d000000                . = ALIGN (0x4)

.fini           0x9d000000        0x0
 *(.fini)
                0x9d000000                . = ALIGN (0x4)

.preinit_array  0x9d000000        0x0
                0x9d000000                PROVIDE (__preinit_array_start, .)
 *(.preinit_array)
                0x9d000000                PROVIDE (__preinit_array_end, .)
                0x9d000000                . = ALIGN (0x4)

.init_array     0x9d000000        0x0
                0x9d000000                PROVIDE (__init_array_start, .)
 *(SORT(.init_array.*))
 *(.init_array)
                0x9d000000                PROVIDE (__init_array_end, .)
                0x9d000000                . = ALIGN (0x4)

.fini_array     0x9d000000        0x0
                0x9d000000                PROVIDE (__fini_array_start, .)
 *(SORT(.fini_array.*))
 *(.fini_array)
                0x9d000000                PROVIDE (__fini_array_end, .)
                0x9d000000                . = ALIGN (0x4)

.ctors          0x9d000000        0x0
 *crtbegin.o(.ctors)
 *crtbegin?.o(.ctors)
 *(EXCLUDE_FILE(*crtend?.o *crtend.o) .ctors)
 *(SORT(.ctors.*))
 *(.ctors)
                0x9d000000                . = ALIGN (0x4)

.dtors          0x9d000000        0x0
 *crtbegin.o(.dtors)
 *crtbegin?.o(.dtors)
 *(EXCLUDE_FILE(*crtend?.o *crtend.o) .dtors)
 *(SORT(.dtors.*))
 *(.dtors)
                0x9d000000                . = ALIGN (0x4)

.rodata         0x9d000000        0x0
 *(.gnu.linkonce.r.*)
 *(.rodata1)
                0x9d000000                . = ALIGN (0x4)

.sdata2         0x9fc00490        0x0
 *(.sdata2 .sdata2.* .gnu.linkonce.s2.*)
                0x9fc00490                . = ALIGN (0x4)

.sbss2          0x9fc00490        0x0
 *(.sbss2 .sbss2.* .gnu.linkonce.sb2.*)
                0x9fc00490                . = ALIGN (0x4)

.eh_frame_hdr
 *(.eh_frame_hdr)
                0x9fc00490                . = ALIGN (0x4)

.eh_frame
 *(.eh_frame)
                0x9fc00490                . = ALIGN (0x4)

.gcc_except_table
 *(.gcc_except_table .gcc_except_table.*)
                0x9fc00490                . = ALIGN (0x4)

.dbg_data       0xa0000200        0x0
                0xa0000200                . = (. + DEFINED (_DEBUGGER)?0x200:0x0)

.jcr            0xa0000200        0x0
 *(.jcr)
                0xa0000200                . = ALIGN (0x4)

.eh_frame
 *(.eh_frame)
                0xa0000200                . = ALIGN (0x4)

.gcc_except_table
 *(.gcc_except_table .gcc_except_table.*)
                0xa0000200                . = ALIGN (0x4)

.persist        0xa0000200        0x0
                0xa0000200                _persist_begin = .
 *(.persist .persist.*)
 *(.pbss .pbss.*)
                0xa0000200                . = ALIGN (0x4)
                0xa0000200                _persist_end = .

.data           0xa0000200        0x0
 *(.gnu.linkonce.d.*)
 *(.data1)
                0xa0000200                . = ALIGN (0x4)
                0xa0000200                . = .
                0xa00081f0                _gp = (ALIGN (0x10) + 0x7ff0)

.got            0xa0000200        0x0
 *(.got.plt)
 *(.got)
                0xa0000200                . = ALIGN (0x4)

.sdata          0xa0000200       0xac
                0xa0000200                _sdata_begin = .
 *(.sdata .sdata.* .gnu.linkonce.s.*)
 .sdata         0xa0000200        0x8 build/default/debug/_ext/715571337/drv_spi_static.o
                0xa0000200                Integration_Auto
                0xa0000204                Nb_Students_In_List
 .sdata         0xa0000208        0x8 build/default/debug/_ext/715571337/drv_spi_mapping.o
 .sdata         0xa0000210        0x8 build/default/debug/_ext/715571337/drv_spi_static_tasks.o
 .sdata         0xa0000218        0x8 build/default/debug/_ext/715571337/drv_spi_static_sys_queue.o
 .sdata         0xa0000220        0x8 build/default/debug/_ext/715571337/drv_spi_static_ebm_tasks.o
 .sdata         0xa0000228        0x8 build/default/debug/_ext/327000265/drv_usart_mapping.o
 .sdata         0xa0000230        0x8 build/default/debug/_ext/327000265/drv_usart_static.o
 .sdata         0xa0000238        0x8 build/default/debug/_ext/327000265/drv_usart_static_byte_model.o
 .sdata         0xa0000240        0x8 build/default/debug/_ext/639803181/sys_clk_static.o
 .sdata         0xa0000248        0x8 build/default/debug/_ext/1688732426/system_init.o
 .sdata         0xa0000250        0x8 build/default/debug/_ext/1688732426/system_interrupt.o
 .sdata         0xa0000258        0x8 build/default/debug/_ext/1688732426/system_exceptions.o
 .sdata         0xa0000260        0x8 build/default/debug/_ext/1688732426/system_tasks.o
 .sdata         0xa0000268        0x8 build/default/debug/_ext/1360937237/app.o
 .sdata         0xa0000270        0x8 build/default/debug/_ext/1360937237/DriverLCD.o
 .sdata         0xa0000278       0x10 build/default/debug/_ext/1360937237/Gest_Menu.o
                0xa0000280                CNA0IsEnable
                0xa0000281                CNA1IsEnable
                0xa0000282                CNA7IsEnable
                0xa0000283                CNA8IsEnable
                0xa0000284                CNB3IsEnable
                0xa0000285                CNB4IsEnable
                0xa0000286                CNB13IsEnable
 .sdata         0xa0000288        0x8 build/default/debug/_ext/1360937237/Gest_TFT.o
 .sdata         0xa0000290        0x8 build/default/debug/_ext/1360937237/Mc32gest_RS232.o
 .sdata         0xa0000298        0x8 build/default/debug/_ext/1360937237/appSDCard.o
 .sdata         0xa00002a0        0x8 build/default/debug/_ext/2072869785/diskio.o
                0xa00002a0                gDiskCommandStatus
                0xa00002a4                gDiskCommandHandle
 .sdata         0xa00002a8        0x4 c:/program files (x86)/microchip/xc32/v1.43/bin/bin/../../lib/gcc/pic32mx/4.8.3/../../../../pic32mx/lib\libpic32.a(xc32_uart.o)
                0xa00002a8                __XC_UART
                0xa00002ac                . = ALIGN (0x4)
                0xa00002ac                _sdata_end = .

.lit8
 *(.lit8)

.lit4
 *(.lit4)
                0xa00002ac                . = ALIGN (0x4)
                0xa00002ac                _data_end = .
                0xa00002ac                _bss_begin = .

.sbss           0xa00002ac      0x108
                0xa00002ac                _sbss_begin = .
 *(.dynsbss)
 *(.sbss .sbss.* .gnu.linkonce.sb.*)
 .sbss          0xa00002ac        0x4 build/default/debug/_ext/715571337/drv_spi_static.o
                0xa00002ac                IntegrationTimeTmp
 .sbss          0xa00002b0        0x4 build/default/debug/_ext/715571337/drv_spi_mapping.o
 .sbss          0xa00002b4        0x4 build/default/debug/_ext/715571337/drv_spi_static_tasks.o
 .sbss          0xa00002b8        0x4 build/default/debug/_ext/715571337/drv_spi_static_sys_queue.o
 .sbss          0xa00002bc        0x4 build/default/debug/_ext/715571337/drv_spi_static_ebm_tasks.o
 .sbss          0xa00002c0        0x1 build/default/debug/_ext/1407244131/drv_tmr_static.o
 *fill*         0xa00002c1        0x3 
 .sbss          0xa00002c4        0x4 build/default/debug/_ext/327000265/drv_usart_mapping.o
 .sbss          0xa00002c8        0x4 build/default/debug/_ext/327000265/drv_usart_static.o
 .sbss          0xa00002cc        0x4 build/default/debug/_ext/327000265/drv_usart_static_byte_model.o
 .sbss          0xa00002d0        0x4 build/default/debug/_ext/639803181/sys_clk_static.o
 .sbss          0xa00002d4        0x4 build/default/debug/_ext/1688732426/system_init.o
 .sbss          0xa00002d8        0x4 build/default/debug/_ext/1688732426/system_interrupt.o
 .sbss          0xa00002dc       0x10 build/default/debug/_ext/1688732426/system_exceptions.o
 .sbss          0xa00002ec        0x4 build/default/debug/_ext/1688732426/system_tasks.o
 .sbss          0xa00002f0        0x4 build/default/debug/_ext/1360937237/app.o
 .sbss          0xa00002f4        0x4 build/default/debug/_ext/1360937237/DriverLCD.o
 .sbss          0xa00002f8       0x20 build/default/debug/_ext/1360937237/Gest_Menu.o
                0xa00002fc                flagUpPressed
                0xa00002fd                flagDownPressed
                0xa00002fe                flagEscPressed
                0xa00002ff                flagOkpressed
                0xa0000300                flagACCPressed
                0xa0000301                flagDECLPressed
                0xa0000302                flagRESETpressed
 .sbss          0xa0000318        0x8 build/default/debug/_ext/1360937237/Gest_TFT.o
 .sbss          0xa0000320        0x8 build/default/debug/_ext/1360937237/Mc32gest_RS232.o
 .sbss          0xa0000328        0x4 build/default/debug/_ext/1360937237/appSDCard.o
 .sbss          0xa000032c        0x6 build/default/debug/_ext/2000565276/drv_sdcard.o
                0xa000032c                gDrvSDCARDInitCount
                0xa000032e                gDrvSDCARDBufferToken
                0xa0000330                resetTimeout
 *fill*         0xa0000332        0x2 
 .sbss          0xa0000334        0x4 build/default/debug/_ext/2104899551/sys_fs.o
                0xa0000334                gSYSFSEventHandler
 .sbss          0xa0000338        0xc build/default/debug/_ext/66287330/ff.o
 *(.scommon)
 .scommon       0xa0000344       0x36 build/default/debug/_ext/715571337/drv_spi_static.o
                0xa0000344                textbgcolor
                0xa0000346                textsize
                0xa0000348                textcolor
                0xa000034c                Nbstudents
                0xa0000350                hQueueManager
                0xa0000354                MenuList
                0xa0000358                _height
                0xa000035c                I_Nbstudents
                0xa0000360                _width
                0xa0000362                SDCARDMOUNTED
                0xa0000364                appButtons
                0xa000036c                MenuSelected
                0xa0000370                SDCARDPLUGED
                0xa0000371                SDCARDFILEFOUND
                0xa0000372                wrap
                0xa0000374                cursor_x
                0xa0000376                cursor_y
                0xa0000378                flag_Com_Received
                0xa0000379                SDCARDFILEREADED
 .scommon       0xa000037a        0x0 build/default/debug/_ext/715571337/drv_spi_mapping.o
 .scommon       0xa000037a        0x0 build/default/debug/_ext/715571337/drv_spi_static_tasks.o
 .scommon       0xa000037a        0x0 build/default/debug/_ext/715571337/drv_spi_static_sys_queue.o
 .scommon       0xa000037a        0x0 build/default/debug/_ext/715571337/drv_spi_static_ebm_tasks.o
 .scommon       0xa000037a        0x0 build/default/debug/_ext/327000265/drv_usart_mapping.o
 *fill*         0xa000037a        0x2 
 .scommon       0xa000037c        0x0 build/default/debug/_ext/327000265/drv_usart_static.o
                0xa000037c                gDrvUSART0Obj
 .scommon       0xa000037c        0x0 build/default/debug/_ext/327000265/drv_usart_static_byte_model.o
 .scommon       0xa000037c        0x0 build/default/debug/_ext/639803181/sys_clk_static.o
 .scommon       0xa000037c        0x0 build/default/debug/_ext/1688732426/system_init.o
 .scommon       0xa000037c        0x0 build/default/debug/_ext/1688732426/system_interrupt.o
 .scommon       0xa000037c        0x0 build/default/debug/_ext/1688732426/system_exceptions.o
 .scommon       0xa000037c        0x0 build/default/debug/_ext/1688732426/system_tasks.o
 .scommon       0xa000037c        0x4 build/default/debug/_ext/1360937237/app.o
                0xa000037c                appData
 .scommon       0xa0000380        0x0 build/default/debug/_ext/1360937237/DriverLCD.o
 .scommon       0xa0000380        0x0 build/default/debug/_ext/1360937237/Gest_Menu.o
 .scommon       0xa0000380        0x0 build/default/debug/_ext/1360937237/Gest_TFT.o
 .scommon       0xa0000380        0x0 build/default/debug/_ext/1360937237/Mc32gest_RS232.o
 .scommon       0xa0000380        0x0 build/default/debug/_ext/1360937237/appSDCard.o
 .scommon       0xa0000380        0xc build/default/debug/_ext/2000565276/drv_sdcard.o
                0xa0000380                gDrvSDCARDClientMutex
                0xa0000384                gDrvSDCARDQueueObj
 .scommon       0xa000038c        0x8 build/default/debug/_ext/1271179505/sys_devcon.o
                0xa000038c                sysDevconObj
 .scommon       0xa0000394       0x19 build/default/debug/_ext/2104899551/sys_fs.o
                0xa0000394                gSYSFSObj
                0xa000039c                mutexFileSystemObj
                0xa00003a0                gSYSFSCurrentMountPoint
                0xa00003a8                errorValue
                0xa00003ac                mutexDirObj
 *fill*         0xa00003ad        0x3 
 .scommon       0xa00003b0        0x2 build/default/debug/_ext/2104899551/sys_fs_media_manager.o
                0xa00003b0                VolToPart
                0xa00003b2                _sbss_end = .
                0xa00003b4                . = ALIGN (0x4)
 *fill*         0xa00003b2        0x2 

.bss            0xa00003b4      0x9d4
 *(.dynbss)
 *(COMMON)
 COMMON         0xa00003b4      0x260 build/default/debug/_ext/715571337/drv_spi_static.o
                0xa00003b4                gDrvSPI1Obj
                0xa00003cc                Students_Info
                0xa00005fc                gDrvSPI0Obj
 COMMON         0xa0000614       0x1c build/default/debug/_ext/1688732426/system_init.o
                0xa0000614                sysObj
 COMMON         0xa0000630      0x3b8 build/default/debug/_ext/1360937237/Mc32gest_RS232.o
                0xa0000630                RxMess
                0xa000063c                TxMess
                0xa0000648                fifoRX
                0xa0000804                descrFifoTX
                0xa0000818                fifoTX
                0xa00009d4                descrFifoRX
 COMMON         0xa00009e8      0x224 build/default/debug/_ext/2000565276/drv_sdcard.o
                0xa00009e8                gDrvSDCARDClientObj
                0xa00009fc                gDrvSDCARDObj
                0xa0000acc                gDrvSDCARDTransferObj
 COMMON         0xa0000c0c      0x134 build/default/debug/_ext/2104899551/sys_fs.o
                0xa0000c0c                gSYSFSFileObj
                0xa0000d1c                gSYSFSDirObj
                0xa0000d2c                gSYSFSMountPoint
 COMMON         0xa0000d40       0x48 build/default/debug/_ext/2104899551/sys_fs_media_manager.o
                0xa0000d40                gSYSFSMediaObject
                0xa0000d6c                gSYSFSVolumeObject
                0xa0000d88                . = ALIGN ((. != 0x0)?0x4:0x1)
                0xa0000d88                . = ALIGN (0x4)
                0xa0000d88                _end = .
                0xa0000d88                _bss_end = .
                0x00010000                _bmxdudba_address = 0x10000
                0x00010000                _bmxdupba_address = 0x10000

/DISCARD/
 *(.pdr)
 *(.rel.dyn)
 *(.note.GNU-stack)
 *(.note.GNU-stack)
 *(.gnu_debuglink)
 *(.gnu.lto_*)
 *(.discard)

.gptab.sdata
 *(.gptab.data)
 *(.gptab.sdata)

.gptab.sbss
 *(.gptab.bss)
 *(.gptab.sbss)

.mdebug.abi32   0xa0000d88        0x0
 *(.mdebug.abi32)
 .mdebug.abi32  0xa0000d88        0x0 c:/program files (x86)/microchip/xc32/v1.43/bin/bin/../../lib/gcc/pic32mx/4.8.3/../../../../pic32mx/lib\software-debug-break.o
 .mdebug.abi32  0xa0000d88        0x0 build/default/debug/_ext/715571337/drv_spi_static.o
 .mdebug.abi32  0xa0000d88        0x0 build/default/debug/_ext/715571337/drv_spi_mapping.o
 .mdebug.abi32  0xa0000d88        0x0 build/default/debug/_ext/715571337/drv_spi_static_tasks.o
 .mdebug.abi32  0xa0000d88        0x0 build/default/debug/_ext/715571337/drv_spi_static_sys_queue.o
 .mdebug.abi32  0xa0000d88        0x0 build/default/debug/_ext/715571337/drv_spi_static_ebm_tasks.o
 .mdebug.abi32  0xa0000d88        0x0 build/default/debug/_ext/1407244131/drv_tmr_static.o
 .mdebug.abi32  0xa0000d88        0x0 build/default/debug/_ext/1407244131/drv_tmr_mapping.o
 .mdebug.abi32  0xa0000d88        0x0 build/default/debug/_ext/327000265/drv_usart_mapping.o
 .mdebug.abi32  0xa0000d88        0x0 build/default/debug/_ext/327000265/drv_usart_static.o
 .mdebug.abi32  0xa0000d88        0x0 build/default/debug/_ext/327000265/drv_usart_static_byte_model.o
 .mdebug.abi32  0xa0000d88        0x0 build/default/debug/_ext/639803181/sys_clk_static.o
 .mdebug.abi32  0xa0000d88        0x0 build/default/debug/_ext/822048611/sys_ports_static.o
 .mdebug.abi32  0xa0000d88        0x0 build/default/debug/_ext/1688732426/system_init.o
 .mdebug.abi32  0xa0000d88        0x0 build/default/debug/_ext/1688732426/system_interrupt.o
 .mdebug.abi32  0xa0000d88        0x0 build/default/debug/_ext/1688732426/system_exceptions.o
 .mdebug.abi32  0xa0000d88        0x0 build/default/debug/_ext/1688732426/system_tasks.o
 .mdebug.abi32  0xa0000d88        0x0 build/default/debug/_ext/1360937237/app.o
 .mdebug.abi32  0xa0000d88        0x0 build/default/debug/_ext/1360937237/main.o
 .mdebug.abi32  0xa0000d88        0x0 build/default/debug/_ext/1360937237/DriverLCD.o
 .mdebug.abi32  0xa0000d88        0x0 build/default/debug/_ext/1360937237/glcdfont.o
 .mdebug.abi32  0xa0000d88        0x0 build/default/debug/_ext/1360937237/Mc32Delays.o
 .mdebug.abi32  0xa0000d88        0x0 build/default/debug/_ext/1360937237/Gest_Menu.o
 .mdebug.abi32  0xa0000d88        0x0 build/default/debug/_ext/1360937237/GesFifoTh32.o
 .mdebug.abi32  0xa0000d88        0x0 build/default/debug/_ext/1360937237/Gest_TFT.o
 .mdebug.abi32  0xa0000d88        0x0 build/default/debug/_ext/1360937237/Mc32gest_RS232.o
 .mdebug.abi32  0xa0000d88        0x0 build/default/debug/_ext/1360937237/appSDCard.o
 .mdebug.abi32  0xa0000d88        0x0 build/default/debug/_ext/2000565276/drv_sdcard.o
 .mdebug.abi32  0xa0000d88        0x0 build/default/debug/_ext/1271179505/sys_devcon.o
 .mdebug.abi32  0xa0000d88        0x0 build/default/debug/_ext/1271179505/sys_devcon_pic32mx.o
 .mdebug.abi32  0xa0000d88        0x0 build/default/debug/_ext/2104899551/sys_fs.o
 .mdebug.abi32  0xa0000d88        0x0 build/default/debug/_ext/2104899551/sys_fs_media_manager.o
 .mdebug.abi32  0xa0000d88        0x0 build/default/debug/_ext/66287330/ff.o
 .mdebug.abi32  0xa0000d88        0x0 build/default/debug/_ext/2072869785/diskio.o
 .mdebug.abi32  0xa0000d88        0x0 build/default/debug/_ext/122796885/sys_int_pic32.o
 .mdebug.abi32  0xa0000d88        0x0 build/default/debug/_ext/1264926591/sys_tmr.o
 .mdebug.abi32  0xa0000d88        0x0 ..\..\..\..\bin\framework\peripheral\PIC32MX170F256D_peripherals.a(peripheral.o)
 .mdebug.abi32  0xa0000d88        0x0 c:/program files (x86)/microchip/xc32/v1.43/bin/bin/../../lib/gcc/pic32mx/4.8.3\libgcc.a(_udivdi3.o)
 .mdebug.abi32  0xa0000d88        0x0 c:/program files (x86)/microchip/xc32/v1.43/bin/bin/../../lib/gcc/pic32mx/4.8.3/../../../../pic32mx/lib\libpic32.a(default-bootstrap-exception-handler.o)
 .mdebug.abi32  0xa0000d88        0x0 c:/program files (x86)/microchip/xc32/v1.43/bin/bin/../../lib/gcc/pic32mx/4.8.3/../../../../pic32mx/lib\libpic32.a(default-on-reset.o)
 .mdebug.abi32  0xa0000d88        0x0 c:/program files (x86)/microchip/xc32/v1.43/bin/bin/../../lib/gcc/pic32mx/4.8.3/../../../../pic32mx/lib\libpic32.a(default-on-bootstrap.o)
 .mdebug.abi32  0xa0000d88        0x0 c:/program files (x86)/microchip/xc32/v1.43/bin/bin/../../lib/gcc/pic32mx/4.8.3/../../../../pic32mx/lib\libpic32.a(defaultinterrupt.o)
 .mdebug.abi32  0xa0000d88        0x0 c:/program files (x86)/microchip/xc32/v1.43/bin/bin/../../lib/gcc/pic32mx/4.8.3/../../../../pic32mx/lib\libc.a(atoi.o)
 .mdebug.abi32  0xa0000d88        0x0 c:/program files (x86)/microchip/xc32/v1.43/bin/bin/../../lib/gcc/pic32mx/4.8.3/../../../../pic32mx/lib\libc.a(ctype.o)
 .mdebug.abi32  0xa0000d88        0x0 c:/program files (x86)/microchip/xc32/v1.43/bin/bin/../../lib/gcc/pic32mx/4.8.3/../../../../pic32mx/lib\libc.a(strcat.o)
 .mdebug.abi32  0xa0000d88        0x0 c:/program files (x86)/microchip/xc32/v1.43/bin/bin/../../lib/gcc/pic32mx/4.8.3/../../../../pic32mx/lib\libc.a(strncmp.o)
 .mdebug.abi32  0xa0000d88        0x0 c:/program files (x86)/microchip/xc32/v1.43/bin/bin/../../lib/gcc/pic32mx/4.8.3/../../../../pic32mx/lib\libc.a(strncpy.o)
 .mdebug.abi32  0xa0000d88        0x0 c:/program files (x86)/microchip/xc32/v1.43/bin/bin/../../lib/gcc/pic32mx/4.8.3/../../../../pic32mx/lib\libc.a(strtol.o)
 .mdebug.abi32  0xa0000d88        0x0 c:/program files (x86)/microchip/xc32/v1.43/bin/bin/../../lib/gcc/pic32mx/4.8.3/../../../../pic32mx/lib\libc.a(sprintf_cdnopuxX.eo)
 .mdebug.abi32  0xa0000d88        0x0 c:/program files (x86)/microchip/xc32/v1.43/bin/bin/../../lib/gcc/pic32mx/4.8.3/../../../../pic32mx/lib\libc.a(ctypef.o)
 .mdebug.abi32  0xa0000d88        0x0 c:/program files (x86)/microchip/xc32/v1.43/bin/bin/../../lib/gcc/pic32mx/4.8.3/../../../../pic32mx/lib\libc.a(errno.o)
 .mdebug.abi32  0xa0000d88        0x0 c:/program files (x86)/microchip/xc32/v1.43/bin/bin/../../lib/gcc/pic32mx/4.8.3/../../../../pic32mx/lib\libc.a(doprnt_cdnopuxX.eo)
 .mdebug.abi32  0xa0000d88        0x0 c:/program files (x86)/microchip/xc32/v1.43/bin/bin/../../lib/gcc/pic32mx/4.8.3/../../../../pic32mx/lib\libc.a(_fputc_simple.o)
 .mdebug.abi32  0xa0000d88        0x0 c:/program files (x86)/microchip/xc32/v1.43/bin/bin/../../lib/gcc/pic32mx/4.8.3/../../../../pic32mx/lib\libc.a(_iob.o)
 .mdebug.abi32  0xa0000d88        0x0 c:/program files (x86)/microchip/xc32/v1.43/bin/bin/../../lib/gcc/pic32mx/4.8.3/../../../../pic32mx/lib\libc.a(_flsbuf_simple.o)
 .mdebug.abi32  0xa0000d88        0x0 c:/program files (x86)/microchip/xc32/v1.43/bin/bin/../../lib/gcc/pic32mx/4.8.3\libgcc.a(_umoddi3.o)
 .mdebug.abi32  0xa0000d88        0x0 c:/program files (x86)/microchip/xc32/v1.43/bin/bin/../../lib/gcc/pic32mx/4.8.3/../../../../pic32mx/lib\libpic32.a(write.o)
 .mdebug.abi32  0xa0000d88        0x0 c:/program files (x86)/microchip/xc32/v1.43/bin/bin/../../lib/gcc/pic32mx/4.8.3/../../../../pic32mx/lib\libpic32.a(_mon_putc.o)
 .mdebug.abi32  0xa0000d88        0x0 c:/program files (x86)/microchip/xc32/v1.43/bin/bin/../../lib/gcc/pic32mx/4.8.3/../../../../pic32mx/lib\libpic32.a(xc32_uart.o)

.mdebug.abiN32
 *(.mdebug.abiN32)

.mdebug.abi64
 *(.mdebug.abi64)

.mdebug.abiO64
 *(.mdebug.abiO64)

.mdebug.eabi32
 *(.mdebug.eabi32)

.mdebug.eabi64
 *(.mdebug.eabi64)

.gcc_compiled_long32
 *(.gcc_compiled_long32)

.gcc_compiled_long64
 *(.gcc_compiled_long64)

.stab
 *(.stab)

.stabstr
 *(.stabstr)

.stab.excl
 *(.stab.excl)

.stab.exclstr
 *(.stab.exclstr)

.stab.index
 *(.stab.index)

.stab.indexstr
 *(.stab.indexstr)

.comment        0x00000000      0x190
 *(.comment)
 .comment       0x00000000       0x3c c:/program files (x86)/microchip/xc32/v1.43/bin/bin/../../lib/gcc/pic32mx/4.8.3/../../../../pic32mx/lib\software-debug-break.o
                                 0x3d (size before relaxing)
 .comment       0x00000000       0x3d build/default/debug/_ext/715571337/drv_spi_static.o
 .comment       0x00000000       0x3d build/default/debug/_ext/715571337/drv_spi_mapping.o
 .comment       0x00000000       0x3d build/default/debug/_ext/715571337/drv_spi_static_tasks.o
 .comment       0x00000000       0x3d build/default/debug/_ext/715571337/drv_spi_static_sys_queue.o
 .comment       0x00000000       0x3d build/default/debug/_ext/715571337/drv_spi_static_ebm_tasks.o
 .comment       0x00000000       0x3d build/default/debug/_ext/1407244131/drv_tmr_static.o
 .comment       0x00000000       0x3d build/default/debug/_ext/1407244131/drv_tmr_mapping.o
 .comment       0x00000000       0x3d build/default/debug/_ext/327000265/drv_usart_mapping.o
 .comment       0x00000000       0x3d build/default/debug/_ext/327000265/drv_usart_static.o
 .comment       0x00000000       0x3d build/default/debug/_ext/327000265/drv_usart_static_byte_model.o
 .comment       0x00000000       0x3d build/default/debug/_ext/639803181/sys_clk_static.o
 .comment       0x00000000       0x3d build/default/debug/_ext/822048611/sys_ports_static.o
 .comment       0x00000000       0x3d build/default/debug/_ext/1688732426/system_init.o
 .comment       0x00000000       0x3d build/default/debug/_ext/1688732426/system_interrupt.o
 .comment       0x00000000       0x3d build/default/debug/_ext/1688732426/system_exceptions.o
 .comment       0x00000000       0x3d build/default/debug/_ext/1688732426/system_tasks.o
 .comment       0x00000000       0x3d build/default/debug/_ext/1360937237/app.o
 .comment       0x00000000       0x3d build/default/debug/_ext/1360937237/main.o
 .comment       0x00000000       0x3d build/default/debug/_ext/1360937237/DriverLCD.o
 .comment       0x00000000       0x3d build/default/debug/_ext/1360937237/glcdfont.o
 .comment       0x00000000       0x3d build/default/debug/_ext/1360937237/Mc32Delays.o
 .comment       0x00000000       0x3d build/default/debug/_ext/1360937237/Gest_Menu.o
 .comment       0x00000000       0x3d build/default/debug/_ext/1360937237/GesFifoTh32.o
 .comment       0x00000000       0x3d build/default/debug/_ext/1360937237/Gest_TFT.o
 .comment       0x00000000       0x3d build/default/debug/_ext/1360937237/Mc32gest_RS232.o
 .comment       0x00000000       0x3d build/default/debug/_ext/1360937237/appSDCard.o
 .comment       0x00000000       0x3d build/default/debug/_ext/2000565276/drv_sdcard.o
 .comment       0x00000000       0x3d build/default/debug/_ext/1271179505/sys_devcon.o
 .comment       0x00000000       0x3d build/default/debug/_ext/1271179505/sys_devcon_pic32mx.o
 .comment       0x00000000       0x3d build/default/debug/_ext/2104899551/sys_fs.o
 .comment       0x00000000       0x3d build/default/debug/_ext/2104899551/sys_fs_media_manager.o
 .comment       0x00000000       0x3d build/default/debug/_ext/66287330/ff.o
 .comment       0x00000000       0x3d build/default/debug/_ext/2072869785/diskio.o
 .comment       0x00000000       0x3d build/default/debug/_ext/122796885/sys_int_pic32.o
 .comment       0x00000000       0x3d build/default/debug/_ext/1264926591/sys_tmr.o
 .comment       0x0000003c       0x3c ..\..\..\..\bin\framework\peripheral\PIC32MX170F256D_peripherals.a(peripheral.o)
                                 0x3d (size before relaxing)
 .comment       0x00000000       0x3d c:/program files (x86)/microchip/xc32/v1.43/bin/bin/../../lib/gcc/pic32mx/4.8.3\libgcc.a(_udivdi3.o)
 .comment       0x00000078       0x18 c:/program files (x86)/microchip/xc32/v1.43/bin/bin/../../lib/gcc/pic32mx/4.8.3/../../../../pic32mx/lib\libpic32.a(memcmp.o)
                                 0x19 (size before relaxing)
 .comment       0x00000090       0x18 c:/program files (x86)/microchip/xc32/v1.43/bin/bin/../../lib/gcc/pic32mx/4.8.3/../../../../pic32mx/lib\libpic32.a(memset.o)
                                 0x19 (size before relaxing)
 .comment       0x000000a8       0x19 c:/program files (x86)/microchip/xc32/v1.43/bin/bin/../../lib/gcc/pic32mx/4.8.3/../../../../pic32mx/lib\libpic32.a(strcmp.o)
                                 0x1a (size before relaxing)
 .comment       0x000000c1       0x19 c:/program files (x86)/microchip/xc32/v1.43/bin/bin/../../lib/gcc/pic32mx/4.8.3/../../../../pic32mx/lib\libpic32.a(strcpy.o)
                                 0x1a (size before relaxing)
 .comment       0x000000da       0x19 c:/program files (x86)/microchip/xc32/v1.43/bin/bin/../../lib/gcc/pic32mx/4.8.3/../../../../pic32mx/lib\libpic32.a(strlen.o)
                                 0x1a (size before relaxing)
 .comment       0x00000000       0x3d c:/program files (x86)/microchip/xc32/v1.43/bin/bin/../../lib/gcc/pic32mx/4.8.3/../../../../pic32mx/lib\libpic32.a(default-bootstrap-exception-handler.o)
 .comment       0x00000000       0x3d c:/program files (x86)/microchip/xc32/v1.43/bin/bin/../../lib/gcc/pic32mx/4.8.3/../../../../pic32mx/lib\libpic32.a(default-on-reset.o)
 .comment       0x00000000       0x3d c:/program files (x86)/microchip/xc32/v1.43/bin/bin/../../lib/gcc/pic32mx/4.8.3/../../../../pic32mx/lib\libpic32.a(default-on-bootstrap.o)
 .comment       0x00000000       0x3d c:/program files (x86)/microchip/xc32/v1.43/bin/bin/../../lib/gcc/pic32mx/4.8.3/../../../../pic32mx/lib\libpic32.a(defaultinterrupt.o)
 .comment       0x00000000       0x3d c:/program files (x86)/microchip/xc32/v1.43/bin/bin/../../lib/gcc/pic32mx/4.8.3/../../../../pic32mx/lib\libc.a(atoi.o)
 .comment       0x000000f3       0x4e c:/program files (x86)/microchip/xc32/v1.43/bin/bin/../../lib/gcc/pic32mx/4.8.3/../../../../pic32mx/lib\libc.a(ctype.o)
                                 0x8b (size before relaxing)
 .comment       0x00000000       0x3d c:/program files (x86)/microchip/xc32/v1.43/bin/bin/../../lib/gcc/pic32mx/4.8.3/../../../../pic32mx/lib\libc.a(strcat.o)
 .comment       0x00000000       0x3d c:/program files (x86)/microchip/xc32/v1.43/bin/bin/../../lib/gcc/pic32mx/4.8.3/../../../../pic32mx/lib\libc.a(strncmp.o)
 .comment       0x00000000       0x3d c:/program files (x86)/microchip/xc32/v1.43/bin/bin/../../lib/gcc/pic32mx/4.8.3/../../../../pic32mx/lib\libc.a(strncpy.o)
 .comment       0x00000000       0x3d c:/program files (x86)/microchip/xc32/v1.43/bin/bin/../../lib/gcc/pic32mx/4.8.3/../../../../pic32mx/lib\libc.a(strtol.o)
 .comment       0x00000000       0x3d c:/program files (x86)/microchip/xc32/v1.43/bin/bin/../../lib/gcc/pic32mx/4.8.3/../../../../pic32mx/lib\libc.a(sprintf_cdnopuxX.eo)
 .comment       0x00000141       0x4f c:/program files (x86)/microchip/xc32/v1.43/bin/bin/../../lib/gcc/pic32mx/4.8.3/../../../../pic32mx/lib\libc.a(ctypef.o)
                                 0x8c (size before relaxing)
 .comment       0x00000000       0x3d c:/program files (x86)/microchip/xc32/v1.43/bin/bin/../../lib/gcc/pic32mx/4.8.3/../../../../pic32mx/lib\libc.a(errno.o)
 .comment       0x00000000       0x3d c:/program files (x86)/microchip/xc32/v1.43/bin/bin/../../lib/gcc/pic32mx/4.8.3/../../../../pic32mx/lib\libc.a(doprnt_cdnopuxX.eo)
 .comment       0x00000000       0x3d c:/program files (x86)/microchip/xc32/v1.43/bin/bin/../../lib/gcc/pic32mx/4.8.3/../../../../pic32mx/lib\libc.a(_fputc_simple.o)
 .comment       0x00000000       0x3d c:/program files (x86)/microchip/xc32/v1.43/bin/bin/../../lib/gcc/pic32mx/4.8.3/../../../../pic32mx/lib\libc.a(_iob.o)
 .comment       0x00000000       0x3d c:/program files (x86)/microchip/xc32/v1.43/bin/bin/../../lib/gcc/pic32mx/4.8.3/../../../../pic32mx/lib\libc.a(_flsbuf_simple.o)
 .comment       0x00000000       0x3d c:/program files (x86)/microchip/xc32/v1.43/bin/bin/../../lib/gcc/pic32mx/4.8.3\libgcc.a(_umoddi3.o)
 .comment       0x00000000       0x3d c:/program files (x86)/microchip/xc32/v1.43/bin/bin/../../lib/gcc/pic32mx/4.8.3/../../../../pic32mx/lib\libpic32.a(write.o)
 .comment       0x00000000       0x3d c:/program files (x86)/microchip/xc32/v1.43/bin/bin/../../lib/gcc/pic32mx/4.8.3/../../../../pic32mx/lib\libpic32.a(_mon_putc.o)
 .comment       0x00000000       0x3d c:/program files (x86)/microchip/xc32/v1.43/bin/bin/../../lib/gcc/pic32mx/4.8.3/../../../../pic32mx/lib\libpic32.a(xc32_uart.o)

.debug
 *(.debug)

.line
 *(.line)

.debug_srcinfo
 *(.debug_srcinfo)

.debug_sfnames
 *(.debug_sfnames)

.debug_aranges  0x00000000     0x1568
 *(.debug_aranges)
 .debug_aranges
                0x00000000       0x20 c:/program files (x86)/microchip/xc32/v1.43/bin/bin/../../lib/gcc/pic32mx/4.8.3/../../../../pic32mx/lib\software-debug-break.o
 .debug_aranges
                0x00000020      0x128 build/default/debug/_ext/715571337/drv_spi_static.o
 .debug_aranges
                0x00000148       0x88 build/default/debug/_ext/715571337/drv_spi_mapping.o
 .debug_aranges
                0x000001d0       0x28 build/default/debug/_ext/715571337/drv_spi_static_tasks.o
 .debug_aranges
                0x000001f8       0xd8 build/default/debug/_ext/715571337/drv_spi_static_sys_queue.o
 .debug_aranges
                0x000002d0       0x38 build/default/debug/_ext/715571337/drv_spi_static_ebm_tasks.o
 .debug_aranges
                0x00000308       0xa8 build/default/debug/_ext/1407244131/drv_tmr_static.o
 .debug_aranges
                0x000003b0      0x110 build/default/debug/_ext/1407244131/drv_tmr_mapping.o
 .debug_aranges
                0x000004c0       0xa8 build/default/debug/_ext/327000265/drv_usart_mapping.o
 .debug_aranges
                0x00000568       0x78 build/default/debug/_ext/327000265/drv_usart_static.o
 .debug_aranges
                0x000005e0       0x48 build/default/debug/_ext/327000265/drv_usart_static_byte_model.o
 .debug_aranges
                0x00000628       0x50 build/default/debug/_ext/639803181/sys_clk_static.o
 .debug_aranges
                0x00000678      0x108 build/default/debug/_ext/822048611/sys_ports_static.o
 .debug_aranges
                0x00000780       0x20 build/default/debug/_ext/1688732426/system_init.o
 .debug_aranges
                0x000007a0       0x28 build/default/debug/_ext/1688732426/system_interrupt.o
 .debug_aranges
                0x000007c8       0x20 build/default/debug/_ext/1688732426/system_exceptions.o
 .debug_aranges
                0x000007e8       0x20 build/default/debug/_ext/1688732426/system_tasks.o
 .debug_aranges
                0x00000808       0x28 build/default/debug/_ext/1360937237/app.o
 .debug_aranges
                0x00000830       0x20 build/default/debug/_ext/1360937237/main.o
 .debug_aranges
                0x00000850       0xa8 build/default/debug/_ext/1360937237/DriverLCD.o
 .debug_aranges
                0x000008f8       0x18 build/default/debug/_ext/1360937237/glcdfont.o
 .debug_aranges
                0x00000910       0x30 build/default/debug/_ext/1360937237/Mc32Delays.o
 .debug_aranges
                0x00000940       0x48 build/default/debug/_ext/1360937237/Gest_Menu.o
 .debug_aranges
                0x00000988       0x40 build/default/debug/_ext/1360937237/GesFifoTh32.o
 .debug_aranges
                0x000009c8       0xb0 build/default/debug/_ext/1360937237/Gest_TFT.o
 .debug_aranges
                0x00000a78       0x38 build/default/debug/_ext/1360937237/Mc32gest_RS232.o
 .debug_aranges
                0x00000ab0       0x38 build/default/debug/_ext/1360937237/appSDCard.o
 .debug_aranges
                0x00000ae8      0x100 build/default/debug/_ext/2000565276/drv_sdcard.o
 .debug_aranges
                0x00000be8       0x78 build/default/debug/_ext/1271179505/sys_devcon.o
 .debug_aranges
                0x00000c60       0x20 build/default/debug/_ext/1271179505/sys_devcon_pic32mx.o
 .debug_aranges
                0x00000c80      0x188 build/default/debug/_ext/2104899551/sys_fs.o
 .debug_aranges
                0x00000e08       0xc0 build/default/debug/_ext/2104899551/sys_fs_media_manager.o
 .debug_aranges
                0x00000ec8      0x260 build/default/debug/_ext/66287330/ff.o
 .debug_aranges
                0x00001128       0x50 build/default/debug/_ext/2072869785/diskio.o
 .debug_aranges
                0x00001178       0x48 build/default/debug/_ext/122796885/sys_int_pic32.o
 .debug_aranges
                0x000011c0       0xe0 build/default/debug/_ext/1264926591/sys_tmr.o
 .debug_aranges
                0x000012a0       0x20 c:/program files (x86)/microchip/xc32/v1.43/bin/bin/../../lib/gcc/pic32mx/4.8.3\libgcc.a(_udivdi3.o)
 .debug_aranges
                0x000012c0       0x20 c:/program files (x86)/microchip/xc32/v1.43/bin/bin/../../lib/gcc/pic32mx/4.8.3/../../../../pic32mx/lib\libpic32.a(default-bootstrap-exception-handler.o)
 .debug_aranges
                0x000012e0       0x20 c:/program files (x86)/microchip/xc32/v1.43/bin/bin/../../lib/gcc/pic32mx/4.8.3/../../../../pic32mx/lib\libpic32.a(default-on-reset.o)
 .debug_aranges
                0x00001300       0x20 c:/program files (x86)/microchip/xc32/v1.43/bin/bin/../../lib/gcc/pic32mx/4.8.3/../../../../pic32mx/lib\libpic32.a(default-on-bootstrap.o)
 .debug_aranges
                0x00001320       0x20 c:/program files (x86)/microchip/xc32/v1.43/bin/bin/../../lib/gcc/pic32mx/4.8.3/../../../../pic32mx/lib\libpic32.a(defaultinterrupt.o)
 .debug_aranges
                0x00001340       0x20 c:/program files (x86)/microchip/xc32/v1.43/bin/bin/../../lib/gcc/pic32mx/4.8.3/../../../../pic32mx/lib\libc.a(atoi.o)
 .debug_aranges
                0x00001360       0x20 c:/program files (x86)/microchip/xc32/v1.43/bin/bin/../../lib/gcc/pic32mx/4.8.3/../../../../pic32mx/lib\libc.a(strcat.o)
 .debug_aranges
                0x00001380       0x20 c:/program files (x86)/microchip/xc32/v1.43/bin/bin/../../lib/gcc/pic32mx/4.8.3/../../../../pic32mx/lib\libc.a(strncmp.o)
 .debug_aranges
                0x000013a0       0x20 c:/program files (x86)/microchip/xc32/v1.43/bin/bin/../../lib/gcc/pic32mx/4.8.3/../../../../pic32mx/lib\libc.a(strncpy.o)
 .debug_aranges
                0x000013c0       0x28 c:/program files (x86)/microchip/xc32/v1.43/bin/bin/../../lib/gcc/pic32mx/4.8.3/../../../../pic32mx/lib\libc.a(strtol.o)
 .debug_aranges
                0x000013e8       0x20 c:/program files (x86)/microchip/xc32/v1.43/bin/bin/../../lib/gcc/pic32mx/4.8.3/../../../../pic32mx/lib\libc.a(sprintf_cdnopuxX.eo)
 .debug_aranges
                0x00001408       0xa0 c:/program files (x86)/microchip/xc32/v1.43/bin/bin/../../lib/gcc/pic32mx/4.8.3/../../../../pic32mx/lib\libc.a(ctypef.o)
 .debug_aranges
                0x000014a8       0x20 c:/program files (x86)/microchip/xc32/v1.43/bin/bin/../../lib/gcc/pic32mx/4.8.3/../../../../pic32mx/lib\libc.a(doprnt_cdnopuxX.eo)
 .debug_aranges
                0x000014c8       0x20 c:/program files (x86)/microchip/xc32/v1.43/bin/bin/../../lib/gcc/pic32mx/4.8.3/../../../../pic32mx/lib\libc.a(_fputc_simple.o)
 .debug_aranges
                0x000014e8       0x20 c:/program files (x86)/microchip/xc32/v1.43/bin/bin/../../lib/gcc/pic32mx/4.8.3/../../../../pic32mx/lib\libc.a(_flsbuf_simple.o)
 .debug_aranges
                0x00001508       0x20 c:/program files (x86)/microchip/xc32/v1.43/bin/bin/../../lib/gcc/pic32mx/4.8.3\libgcc.a(_umoddi3.o)
 .debug_aranges
                0x00001528       0x20 c:/program files (x86)/microchip/xc32/v1.43/bin/bin/../../lib/gcc/pic32mx/4.8.3/../../../../pic32mx/lib\libpic32.a(write.o)
 .debug_aranges
                0x00001548       0x20 c:/program files (x86)/microchip/xc32/v1.43/bin/bin/../../lib/gcc/pic32mx/4.8.3/../../../../pic32mx/lib\libpic32.a(_mon_putc.o)

.debug_pubnames
 *(.debug_pubnames)

.debug_info     0x00000000    0x48b31
 *(.debug_info .gnu.linkonce.wi.*)
 .debug_info    0x00000000       0xe4 c:/program files (x86)/microchip/xc32/v1.43/bin/bin/../../lib/gcc/pic32mx/4.8.3/../../../../pic32mx/lib\software-debug-break.o
 .debug_info    0x000000e4     0x4536 build/default/debug/_ext/715571337/drv_spi_static.o
 .debug_info    0x0000461a     0x24b7 build/default/debug/_ext/715571337/drv_spi_mapping.o
 .debug_info    0x00006ad1     0x27bb build/default/debug/_ext/715571337/drv_spi_static_tasks.o
 .debug_info    0x0000928c     0x2810 build/default/debug/_ext/715571337/drv_spi_static_sys_queue.o
 .debug_info    0x0000ba9c     0x1d65 build/default/debug/_ext/715571337/drv_spi_static_ebm_tasks.o
 .debug_info    0x0000d801     0x1fec build/default/debug/_ext/1407244131/drv_tmr_static.o
 .debug_info    0x0000f7ed     0x13fa build/default/debug/_ext/1407244131/drv_tmr_mapping.o
 .debug_info    0x00010be7     0x21fb build/default/debug/_ext/327000265/drv_usart_mapping.o
 .debug_info    0x00012de2     0x2ba7 build/default/debug/_ext/327000265/drv_usart_static.o
 .debug_info    0x00015989     0x1c95 build/default/debug/_ext/327000265/drv_usart_static_byte_model.o
 .debug_info    0x0001761e     0x1c1c build/default/debug/_ext/639803181/sys_clk_static.o
 .debug_info    0x0001923a     0x3bea build/default/debug/_ext/822048611/sys_ports_static.o
 .debug_info    0x0001ce24     0x2cac build/default/debug/_ext/1688732426/system_init.o
 .debug_info    0x0001fad0     0x1cf6 build/default/debug/_ext/1688732426/system_interrupt.o
 .debug_info    0x000217c6     0x12e7 build/default/debug/_ext/1688732426/system_exceptions.o
 .debug_info    0x00022aad     0x141e build/default/debug/_ext/1688732426/system_tasks.o
 .debug_info    0x00023ecb     0x1395 build/default/debug/_ext/1360937237/app.o
 .debug_info    0x00025260      0x1aa build/default/debug/_ext/1360937237/main.o
 .debug_info    0x0002540a     0x2dc3 build/default/debug/_ext/1360937237/DriverLCD.o
 .debug_info    0x000281cd       0xd2 build/default/debug/_ext/1360937237/glcdfont.o
 .debug_info    0x0002829f      0x1e1 build/default/debug/_ext/1360937237/Mc32Delays.o
 .debug_info    0x00028480     0x2746 build/default/debug/_ext/1360937237/Gest_Menu.o
 .debug_info    0x0002abc6      0x3ca build/default/debug/_ext/1360937237/GesFifoTh32.o
 .debug_info    0x0002af90     0x2315 build/default/debug/_ext/1360937237/Gest_TFT.o
 .debug_info    0x0002d2a5     0x24b1 build/default/debug/_ext/1360937237/Mc32gest_RS232.o
 .debug_info    0x0002f756     0x1d4f build/default/debug/_ext/1360937237/appSDCard.o
 .debug_info    0x000314a5     0x5be6 build/default/debug/_ext/2000565276/drv_sdcard.o
 .debug_info    0x0003708b      0xb8a build/default/debug/_ext/1271179505/sys_devcon.o
 .debug_info    0x00037c15      0x5c8 build/default/debug/_ext/1271179505/sys_devcon_pic32mx.o
 .debug_info    0x000381dd     0x3c41 build/default/debug/_ext/2104899551/sys_fs.o
 .debug_info    0x0003be1e     0x21f4 build/default/debug/_ext/2104899551/sys_fs_media_manager.o
 .debug_info    0x0003e012     0x502d build/default/debug/_ext/66287330/ff.o
 .debug_info    0x0004303f      0xb41 build/default/debug/_ext/2072869785/diskio.o
 .debug_info    0x00043b80      0xe6b build/default/debug/_ext/122796885/sys_int_pic32.o
 .debug_info    0x000449eb     0x23c3 build/default/debug/_ext/1264926591/sys_tmr.o
 .debug_info    0x00046dae      0x76f c:/program files (x86)/microchip/xc32/v1.43/bin/bin/../../lib/gcc/pic32mx/4.8.3\libgcc.a(_udivdi3.o)
 .debug_info    0x0004751d       0xf5 c:/program files (x86)/microchip/xc32/v1.43/bin/bin/../../lib/gcc/pic32mx/4.8.3/../../../../pic32mx/lib\libpic32.a(default-bootstrap-exception-handler.o)
 .debug_info    0x00047612       0xce c:/program files (x86)/microchip/xc32/v1.43/bin/bin/../../lib/gcc/pic32mx/4.8.3/../../../../pic32mx/lib\libpic32.a(default-on-reset.o)
 .debug_info    0x000476e0       0xd6 c:/program files (x86)/microchip/xc32/v1.43/bin/bin/../../lib/gcc/pic32mx/4.8.3/../../../../pic32mx/lib\libpic32.a(default-on-bootstrap.o)
 .debug_info    0x000477b6       0xe8 c:/program files (x86)/microchip/xc32/v1.43/bin/bin/../../lib/gcc/pic32mx/4.8.3/../../../../pic32mx/lib\libpic32.a(defaultinterrupt.o)
 .debug_info    0x0004789e       0xc2 c:/program files (x86)/microchip/xc32/v1.43/bin/bin/../../lib/gcc/pic32mx/4.8.3/../../../../pic32mx/lib\libc.a(atoi.o)
 .debug_info    0x00047960       0xc6 c:/program files (x86)/microchip/xc32/v1.43/bin/bin/../../lib/gcc/pic32mx/4.8.3/../../../../pic32mx/lib\libc.a(strcat.o)
 .debug_info    0x00047a26       0xc8 c:/program files (x86)/microchip/xc32/v1.43/bin/bin/../../lib/gcc/pic32mx/4.8.3/../../../../pic32mx/lib\libc.a(strncmp.o)
 .debug_info    0x00047aee       0xc8 c:/program files (x86)/microchip/xc32/v1.43/bin/bin/../../lib/gcc/pic32mx/4.8.3/../../../../pic32mx/lib\libc.a(strncpy.o)
 .debug_info    0x00047bb6       0xdd c:/program files (x86)/microchip/xc32/v1.43/bin/bin/../../lib/gcc/pic32mx/4.8.3/../../../../pic32mx/lib\libc.a(strtol.o)
 .debug_info    0x00047c93       0xd2 c:/program files (x86)/microchip/xc32/v1.43/bin/bin/../../lib/gcc/pic32mx/4.8.3/../../../../pic32mx/lib\libc.a(sprintf_cdnopuxX.eo)
 .debug_info    0x00047d65      0x23a c:/program files (x86)/microchip/xc32/v1.43/bin/bin/../../lib/gcc/pic32mx/4.8.3/../../../../pic32mx/lib\libc.a(ctypef.o)
 .debug_info    0x00047f9f       0xd3 c:/program files (x86)/microchip/xc32/v1.43/bin/bin/../../lib/gcc/pic32mx/4.8.3/../../../../pic32mx/lib\libc.a(doprnt_cdnopuxX.eo)
 .debug_info    0x00048072       0xc4 c:/program files (x86)/microchip/xc32/v1.43/bin/bin/../../lib/gcc/pic32mx/4.8.3/../../../../pic32mx/lib\libc.a(_fputc_simple.o)
 .debug_info    0x00048136       0xc7 c:/program files (x86)/microchip/xc32/v1.43/bin/bin/../../lib/gcc/pic32mx/4.8.3/../../../../pic32mx/lib\libc.a(_flsbuf_simple.o)
 .debug_info    0x000481fd      0x7ac c:/program files (x86)/microchip/xc32/v1.43/bin/bin/../../lib/gcc/pic32mx/4.8.3\libgcc.a(_umoddi3.o)
 .debug_info    0x000489a9       0xc0 c:/program files (x86)/microchip/xc32/v1.43/bin/bin/../../lib/gcc/pic32mx/4.8.3/../../../../pic32mx/lib\libpic32.a(write.o)
 .debug_info    0x00048a69       0xc8 c:/program files (x86)/microchip/xc32/v1.43/bin/bin/../../lib/gcc/pic32mx/4.8.3/../../../../pic32mx/lib\libpic32.a(_mon_putc.o)

.debug_abbrev   0x00000000     0x4bd6
 *(.debug_abbrev)
 .debug_abbrev  0x00000000       0x28 c:/program files (x86)/microchip/xc32/v1.43/bin/bin/../../lib/gcc/pic32mx/4.8.3/../../../../pic32mx/lib\software-debug-break.o
 .debug_abbrev  0x00000028      0x363 build/default/debug/_ext/715571337/drv_spi_static.o
 .debug_abbrev  0x0000038b      0x29b build/default/debug/_ext/715571337/drv_spi_mapping.o
 .debug_abbrev  0x00000626      0x1e2 build/default/debug/_ext/715571337/drv_spi_static_tasks.o
 .debug_abbrev  0x00000808      0x223 build/default/debug/_ext/715571337/drv_spi_static_sys_queue.o
 .debug_abbrev  0x00000a2b      0x1a8 build/default/debug/_ext/715571337/drv_spi_static_ebm_tasks.o
 .debug_abbrev  0x00000bd3      0x20c build/default/debug/_ext/1407244131/drv_tmr_static.o
 .debug_abbrev  0x00000ddf      0x2ac build/default/debug/_ext/1407244131/drv_tmr_mapping.o
 .debug_abbrev  0x0000108b      0x260 build/default/debug/_ext/327000265/drv_usart_mapping.o
 .debug_abbrev  0x000012eb      0x21a build/default/debug/_ext/327000265/drv_usart_static.o
 .debug_abbrev  0x00001505      0x194 build/default/debug/_ext/327000265/drv_usart_static_byte_model.o
 .debug_abbrev  0x00001699      0x245 build/default/debug/_ext/639803181/sys_clk_static.o
 .debug_abbrev  0x000018de      0x179 build/default/debug/_ext/822048611/sys_ports_static.o
 .debug_abbrev  0x00001a57      0x250 build/default/debug/_ext/1688732426/system_init.o
 .debug_abbrev  0x00001ca7      0x12d build/default/debug/_ext/1688732426/system_interrupt.o
 .debug_abbrev  0x00001dd4       0xe9 build/default/debug/_ext/1688732426/system_exceptions.o
 .debug_abbrev  0x00001ebd      0x11a build/default/debug/_ext/1688732426/system_tasks.o
 .debug_abbrev  0x00001fd7      0x121 build/default/debug/_ext/1360937237/app.o
 .debug_abbrev  0x000020f8       0x93 build/default/debug/_ext/1360937237/main.o
 .debug_abbrev  0x0000218b      0x248 build/default/debug/_ext/1360937237/DriverLCD.o
 .debug_abbrev  0x000023d3       0x43 build/default/debug/_ext/1360937237/glcdfont.o
 .debug_abbrev  0x00002416       0xa0 build/default/debug/_ext/1360937237/Mc32Delays.o
 .debug_abbrev  0x000024b6      0x25c build/default/debug/_ext/1360937237/Gest_Menu.o
 .debug_abbrev  0x00002712      0x125 build/default/debug/_ext/1360937237/GesFifoTh32.o
 .debug_abbrev  0x00002837      0x1e7 build/default/debug/_ext/1360937237/Gest_TFT.o
 .debug_abbrev  0x00002a1e      0x1e3 build/default/debug/_ext/1360937237/Mc32gest_RS232.o
 .debug_abbrev  0x00002c01      0x1c7 build/default/debug/_ext/1360937237/appSDCard.o
 .debug_abbrev  0x00002dc8      0x3ac build/default/debug/_ext/2000565276/drv_sdcard.o
 .debug_abbrev  0x00003174      0x248 build/default/debug/_ext/1271179505/sys_devcon.o
 .debug_abbrev  0x000033bc      0x12d build/default/debug/_ext/1271179505/sys_devcon_pic32mx.o
 .debug_abbrev  0x000034e9      0x432 build/default/debug/_ext/2104899551/sys_fs.o
 .debug_abbrev  0x0000391b      0x378 build/default/debug/_ext/2104899551/sys_fs_media_manager.o
 .debug_abbrev  0x00003c93      0x267 build/default/debug/_ext/66287330/ff.o
 .debug_abbrev  0x00003efa      0x1fe build/default/debug/_ext/2072869785/diskio.o
 .debug_abbrev  0x000040f8      0x176 build/default/debug/_ext/122796885/sys_int_pic32.o
 .debug_abbrev  0x0000426e      0x469 build/default/debug/_ext/1264926591/sys_tmr.o
 .debug_abbrev  0x000046d7      0x138 c:/program files (x86)/microchip/xc32/v1.43/bin/bin/../../lib/gcc/pic32mx/4.8.3\libgcc.a(_udivdi3.o)
 .debug_abbrev  0x0000480f       0x28 c:/program files (x86)/microchip/xc32/v1.43/bin/bin/../../lib/gcc/pic32mx/4.8.3/../../../../pic32mx/lib\libpic32.a(default-bootstrap-exception-handler.o)
 .debug_abbrev  0x00004837       0x28 c:/program files (x86)/microchip/xc32/v1.43/bin/bin/../../lib/gcc/pic32mx/4.8.3/../../../../pic32mx/lib\libpic32.a(default-on-reset.o)
 .debug_abbrev  0x0000485f       0x28 c:/program files (x86)/microchip/xc32/v1.43/bin/bin/../../lib/gcc/pic32mx/4.8.3/../../../../pic32mx/lib\libpic32.a(default-on-bootstrap.o)
 .debug_abbrev  0x00004887       0x28 c:/program files (x86)/microchip/xc32/v1.43/bin/bin/../../lib/gcc/pic32mx/4.8.3/../../../../pic32mx/lib\libpic32.a(defaultinterrupt.o)
 .debug_abbrev  0x000048af       0x28 c:/program files (x86)/microchip/xc32/v1.43/bin/bin/../../lib/gcc/pic32mx/4.8.3/../../../../pic32mx/lib\libc.a(atoi.o)
 .debug_abbrev  0x000048d7       0x28 c:/program files (x86)/microchip/xc32/v1.43/bin/bin/../../lib/gcc/pic32mx/4.8.3/../../../../pic32mx/lib\libc.a(strcat.o)
 .debug_abbrev  0x000048ff       0x28 c:/program files (x86)/microchip/xc32/v1.43/bin/bin/../../lib/gcc/pic32mx/4.8.3/../../../../pic32mx/lib\libc.a(strncmp.o)
 .debug_abbrev  0x00004927       0x28 c:/program files (x86)/microchip/xc32/v1.43/bin/bin/../../lib/gcc/pic32mx/4.8.3/../../../../pic32mx/lib\libc.a(strncpy.o)
 .debug_abbrev  0x0000494f       0x28 c:/program files (x86)/microchip/xc32/v1.43/bin/bin/../../lib/gcc/pic32mx/4.8.3/../../../../pic32mx/lib\libc.a(strtol.o)
 .debug_abbrev  0x00004977       0x28 c:/program files (x86)/microchip/xc32/v1.43/bin/bin/../../lib/gcc/pic32mx/4.8.3/../../../../pic32mx/lib\libc.a(sprintf_cdnopuxX.eo)
 .debug_abbrev  0x0000499f       0x28 c:/program files (x86)/microchip/xc32/v1.43/bin/bin/../../lib/gcc/pic32mx/4.8.3/../../../../pic32mx/lib\libc.a(ctypef.o)
 .debug_abbrev  0x000049c7       0x28 c:/program files (x86)/microchip/xc32/v1.43/bin/bin/../../lib/gcc/pic32mx/4.8.3/../../../../pic32mx/lib\libc.a(doprnt_cdnopuxX.eo)
 .debug_abbrev  0x000049ef       0x28 c:/program files (x86)/microchip/xc32/v1.43/bin/bin/../../lib/gcc/pic32mx/4.8.3/../../../../pic32mx/lib\libc.a(_fputc_simple.o)
 .debug_abbrev  0x00004a17       0x28 c:/program files (x86)/microchip/xc32/v1.43/bin/bin/../../lib/gcc/pic32mx/4.8.3/../../../../pic32mx/lib\libc.a(_flsbuf_simple.o)
 .debug_abbrev  0x00004a3f      0x147 c:/program files (x86)/microchip/xc32/v1.43/bin/bin/../../lib/gcc/pic32mx/4.8.3\libgcc.a(_umoddi3.o)
 .debug_abbrev  0x00004b86       0x28 c:/program files (x86)/microchip/xc32/v1.43/bin/bin/../../lib/gcc/pic32mx/4.8.3/../../../../pic32mx/lib\libpic32.a(write.o)
 .debug_abbrev  0x00004bae       0x28 c:/program files (x86)/microchip/xc32/v1.43/bin/bin/../../lib/gcc/pic32mx/4.8.3/../../../../pic32mx/lib\libpic32.a(_mon_putc.o)

.debug_line     0x00000000     0xc17e
 *(.debug_line)
 .debug_line    0x00000000       0x9a c:/program files (x86)/microchip/xc32/v1.43/bin/bin/../../lib/gcc/pic32mx/4.8.3/../../../../pic32mx/lib\software-debug-break.o
 .debug_line    0x0000009a      0x8b8 build/default/debug/_ext/715571337/drv_spi_static.o
 .debug_line    0x00000952      0x574 build/default/debug/_ext/715571337/drv_spi_mapping.o
 .debug_line    0x00000ec6      0x4fa build/default/debug/_ext/715571337/drv_spi_static_tasks.o
 .debug_line    0x000013c0      0x628 build/default/debug/_ext/715571337/drv_spi_static_sys_queue.o
 .debug_line    0x000019e8      0x48a build/default/debug/_ext/715571337/drv_spi_static_ebm_tasks.o
 .debug_line    0x00001e72      0x43e build/default/debug/_ext/1407244131/drv_tmr_static.o
 .debug_line    0x000022b0      0x5c3 build/default/debug/_ext/1407244131/drv_tmr_mapping.o
 .debug_line    0x00002873      0x550 build/default/debug/_ext/327000265/drv_usart_mapping.o
 .debug_line    0x00002dc3      0x523 build/default/debug/_ext/327000265/drv_usart_static.o
 .debug_line    0x000032e6      0x368 build/default/debug/_ext/327000265/drv_usart_static_byte_model.o
 .debug_line    0x0000364e      0x482 build/default/debug/_ext/639803181/sys_clk_static.o
 .debug_line    0x00003ad0      0x5b8 build/default/debug/_ext/822048611/sys_ports_static.o
 .debug_line    0x00004088      0x786 build/default/debug/_ext/1688732426/system_init.o
 .debug_line    0x0000480e      0x3f2 build/default/debug/_ext/1688732426/system_interrupt.o
 .debug_line    0x00004c00      0x290 build/default/debug/_ext/1688732426/system_exceptions.o
 .debug_line    0x00004e90      0x3b9 build/default/debug/_ext/1688732426/system_tasks.o
 .debug_line    0x00005249      0x2ed build/default/debug/_ext/1360937237/app.o
 .debug_line    0x00005536       0xb6 build/default/debug/_ext/1360937237/main.o
 .debug_line    0x000055ec      0x655 build/default/debug/_ext/1360937237/DriverLCD.o
 .debug_line    0x00005c41       0x64 build/default/debug/_ext/1360937237/glcdfont.o
 .debug_line    0x00005ca5       0xaa build/default/debug/_ext/1360937237/Mc32Delays.o
 .debug_line    0x00005d4f      0x4a8 build/default/debug/_ext/1360937237/Gest_Menu.o
 .debug_line    0x000061f7      0x151 build/default/debug/_ext/1360937237/GesFifoTh32.o
 .debug_line    0x00006348      0x457 build/default/debug/_ext/1360937237/Gest_TFT.o
 .debug_line    0x0000679f      0x37b build/default/debug/_ext/1360937237/Mc32gest_RS232.o
 .debug_line    0x00006b1a      0x497 build/default/debug/_ext/1360937237/appSDCard.o
 .debug_line    0x00006fb1      0xd0d build/default/debug/_ext/2000565276/drv_sdcard.o
 .debug_line    0x00007cbe      0x440 build/default/debug/_ext/1271179505/sys_devcon.o
 .debug_line    0x000080fe      0x2bd build/default/debug/_ext/1271179505/sys_devcon_pic32mx.o
 .debug_line    0x000083bb      0xd58 build/default/debug/_ext/2104899551/sys_fs.o
 .debug_line    0x00009113      0x6f4 build/default/debug/_ext/2104899551/sys_fs_media_manager.o
 .debug_line    0x00009807     0x1310 build/default/debug/_ext/66287330/ff.o
 .debug_line    0x0000ab17      0x1e8 build/default/debug/_ext/2072869785/diskio.o
 .debug_line    0x0000acff      0x2b3 build/default/debug/_ext/122796885/sys_int_pic32.o
 .debug_line    0x0000afb2      0x731 build/default/debug/_ext/1264926591/sys_tmr.o
 .debug_line    0x0000b6e3       0xfd c:/program files (x86)/microchip/xc32/v1.43/bin/bin/../../lib/gcc/pic32mx/4.8.3\libgcc.a(_udivdi3.o)
 .debug_line    0x0000b7e0       0xa7 c:/program files (x86)/microchip/xc32/v1.43/bin/bin/../../lib/gcc/pic32mx/4.8.3/../../../../pic32mx/lib\libpic32.a(default-bootstrap-exception-handler.o)
 .debug_line    0x0000b887       0x94 c:/program files (x86)/microchip/xc32/v1.43/bin/bin/../../lib/gcc/pic32mx/4.8.3/../../../../pic32mx/lib\libpic32.a(default-on-reset.o)
 .debug_line    0x0000b91b       0x98 c:/program files (x86)/microchip/xc32/v1.43/bin/bin/../../lib/gcc/pic32mx/4.8.3/../../../../pic32mx/lib\libpic32.a(default-on-bootstrap.o)
 .debug_line    0x0000b9b3       0xa6 c:/program files (x86)/microchip/xc32/v1.43/bin/bin/../../lib/gcc/pic32mx/4.8.3/../../../../pic32mx/lib\libpic32.a(defaultinterrupt.o)
 .debug_line    0x0000ba59       0x7e c:/program files (x86)/microchip/xc32/v1.43/bin/bin/../../lib/gcc/pic32mx/4.8.3/../../../../pic32mx/lib\libc.a(atoi.o)
 .debug_line    0x0000bad7        0x0 c:/program files (x86)/microchip/xc32/v1.43/bin/bin/../../lib/gcc/pic32mx/4.8.3/../../../../pic32mx/lib\libc.a(ctype.o)
 .debug_line    0x0000bad7       0x80 c:/program files (x86)/microchip/xc32/v1.43/bin/bin/../../lib/gcc/pic32mx/4.8.3/../../../../pic32mx/lib\libc.a(strcat.o)
 .debug_line    0x0000bb57       0x81 c:/program files (x86)/microchip/xc32/v1.43/bin/bin/../../lib/gcc/pic32mx/4.8.3/../../../../pic32mx/lib\libc.a(strncmp.o)
 .debug_line    0x0000bbd8       0x81 c:/program files (x86)/microchip/xc32/v1.43/bin/bin/../../lib/gcc/pic32mx/4.8.3/../../../../pic32mx/lib\libc.a(strncpy.o)
 .debug_line    0x0000bc59       0x80 c:/program files (x86)/microchip/xc32/v1.43/bin/bin/../../lib/gcc/pic32mx/4.8.3/../../../../pic32mx/lib\libc.a(strtol.o)
 .debug_line    0x0000bcd9       0x81 c:/program files (x86)/microchip/xc32/v1.43/bin/bin/../../lib/gcc/pic32mx/4.8.3/../../../../pic32mx/lib\libc.a(sprintf_cdnopuxX.eo)
 .debug_line    0x0000bd5a       0x80 c:/program files (x86)/microchip/xc32/v1.43/bin/bin/../../lib/gcc/pic32mx/4.8.3/../../../../pic32mx/lib\libc.a(ctypef.o)
 .debug_line    0x0000bdda        0x0 c:/program files (x86)/microchip/xc32/v1.43/bin/bin/../../lib/gcc/pic32mx/4.8.3/../../../../pic32mx/lib\libc.a(errno.o)
 .debug_line    0x0000bdda       0x80 c:/program files (x86)/microchip/xc32/v1.43/bin/bin/../../lib/gcc/pic32mx/4.8.3/../../../../pic32mx/lib\libc.a(doprnt_cdnopuxX.eo)
 .debug_line    0x0000be5a       0x7f c:/program files (x86)/microchip/xc32/v1.43/bin/bin/../../lib/gcc/pic32mx/4.8.3/../../../../pic32mx/lib\libc.a(_fputc_simple.o)
 .debug_line    0x0000bed9        0x0 c:/program files (x86)/microchip/xc32/v1.43/bin/bin/../../lib/gcc/pic32mx/4.8.3/../../../../pic32mx/lib\libc.a(_iob.o)
 .debug_line    0x0000bed9       0x80 c:/program files (x86)/microchip/xc32/v1.43/bin/bin/../../lib/gcc/pic32mx/4.8.3/../../../../pic32mx/lib\libc.a(_flsbuf_simple.o)
 .debug_line    0x0000bf59      0x10f c:/program files (x86)/microchip/xc32/v1.43/bin/bin/../../lib/gcc/pic32mx/4.8.3\libgcc.a(_umoddi3.o)
 .debug_line    0x0000c068       0x89 c:/program files (x86)/microchip/xc32/v1.43/bin/bin/../../lib/gcc/pic32mx/4.8.3/../../../../pic32mx/lib\libpic32.a(write.o)
 .debug_line    0x0000c0f1       0x8d c:/program files (x86)/microchip/xc32/v1.43/bin/bin/../../lib/gcc/pic32mx/4.8.3/../../../../pic32mx/lib\libpic32.a(_mon_putc.o)
 .debug_line    0x0000c17e        0x0 c:/program files (x86)/microchip/xc32/v1.43/bin/bin/../../lib/gcc/pic32mx/4.8.3/../../../../pic32mx/lib\libpic32.a(xc32_uart.o)

.debug_frame    0x00000000     0x4350
 *(.debug_frame)
 .debug_frame   0x00000000       0x20 c:/program files (x86)/microchip/xc32/v1.43/bin/bin/../../lib/gcc/pic32mx/4.8.3/../../../../pic32mx/lib\software-debug-break.o
 .debug_frame   0x00000020      0x440 build/default/debug/_ext/715571337/drv_spi_static.o
 .debug_frame   0x00000460      0x1d0 build/default/debug/_ext/715571337/drv_spi_mapping.o
 .debug_frame   0x00000630       0x50 build/default/debug/_ext/715571337/drv_spi_static_tasks.o
 .debug_frame   0x00000680      0x2f8 build/default/debug/_ext/715571337/drv_spi_static_sys_queue.o
 .debug_frame   0x00000978       0xa0 build/default/debug/_ext/715571337/drv_spi_static_ebm_tasks.o
 .debug_frame   0x00000a18      0x24c build/default/debug/_ext/1407244131/drv_tmr_static.o
 .debug_frame   0x00000c64      0x3bc build/default/debug/_ext/1407244131/drv_tmr_mapping.o
 .debug_frame   0x00001020      0x250 build/default/debug/_ext/327000265/drv_usart_mapping.o
 .debug_frame   0x00001270      0x180 build/default/debug/_ext/327000265/drv_usart_static.o
 .debug_frame   0x000013f0       0xc8 build/default/debug/_ext/327000265/drv_usart_static_byte_model.o
 .debug_frame   0x000014b8       0xe4 build/default/debug/_ext/639803181/sys_clk_static.o
 .debug_frame   0x0000159c      0x3ac build/default/debug/_ext/822048611/sys_ports_static.o
 .debug_frame   0x00001948       0x30 build/default/debug/_ext/1688732426/system_init.o
 .debug_frame   0x00001978       0xc8 build/default/debug/_ext/1688732426/system_interrupt.o
 .debug_frame   0x00001a40       0x2c build/default/debug/_ext/1688732426/system_exceptions.o
 .debug_frame   0x00001a6c       0x30 build/default/debug/_ext/1688732426/system_tasks.o
 .debug_frame   0x00001a9c       0x4c build/default/debug/_ext/1360937237/app.o
 .debug_frame   0x00001ae8       0x2c build/default/debug/_ext/1360937237/main.o
 .debug_frame   0x00001b14      0x244 build/default/debug/_ext/1360937237/DriverLCD.o
 .debug_frame   0x00001d58       0x6c build/default/debug/_ext/1360937237/Mc32Delays.o
 .debug_frame   0x00001dc4      0x108 build/default/debug/_ext/1360937237/Gest_Menu.o
 .debug_frame   0x00001ecc       0xb0 build/default/debug/_ext/1360937237/GesFifoTh32.o
 .debug_frame   0x00001f7c      0x26c build/default/debug/_ext/1360937237/Gest_TFT.o
 .debug_frame   0x000021e8       0xd0 build/default/debug/_ext/1360937237/Mc32gest_RS232.o
 .debug_frame   0x000022b8       0xc4 build/default/debug/_ext/1360937237/appSDCard.o
 .debug_frame   0x0000237c      0x3a8 build/default/debug/_ext/2000565276/drv_sdcard.o
 .debug_frame   0x00002724      0x174 build/default/debug/_ext/1271179505/sys_devcon.o
 .debug_frame   0x00002898       0x30 build/default/debug/_ext/1271179505/sys_devcon_pic32mx.o
 .debug_frame   0x000028c8      0x5f8 build/default/debug/_ext/2104899551/sys_fs.o
 .debug_frame   0x00002ec0      0x2a8 build/default/debug/_ext/2104899551/sys_fs_media_manager.o
 .debug_frame   0x00003168      0x928 build/default/debug/_ext/66287330/ff.o
 .debug_frame   0x00003a90       0xec build/default/debug/_ext/2072869785/diskio.o
 .debug_frame   0x00003b7c       0xd0 build/default/debug/_ext/122796885/sys_int_pic32.o
 .debug_frame   0x00003c4c      0x32c build/default/debug/_ext/1264926591/sys_tmr.o
 .debug_frame   0x00003f78       0x20 c:/program files (x86)/microchip/xc32/v1.43/bin/bin/../../lib/gcc/pic32mx/4.8.3\libgcc.a(_udivdi3.o)
 .debug_frame   0x00003f98       0x2c c:/program files (x86)/microchip/xc32/v1.43/bin/bin/../../lib/gcc/pic32mx/4.8.3/../../../../pic32mx/lib\libpic32.a(default-bootstrap-exception-handler.o)
 .debug_frame   0x00003fc4       0x20 c:/program files (x86)/microchip/xc32/v1.43/bin/bin/../../lib/gcc/pic32mx/4.8.3/../../../../pic32mx/lib\libpic32.a(default-on-reset.o)
 .debug_frame   0x00003fe4       0x20 c:/program files (x86)/microchip/xc32/v1.43/bin/bin/../../lib/gcc/pic32mx/4.8.3/../../../../pic32mx/lib\libpic32.a(default-on-bootstrap.o)
 .debug_frame   0x00004004       0x20 c:/program files (x86)/microchip/xc32/v1.43/bin/bin/../../lib/gcc/pic32mx/4.8.3/../../../../pic32mx/lib\libpic32.a(defaultinterrupt.o)
 .debug_frame   0x00004024       0x20 c:/program files (x86)/microchip/xc32/v1.43/bin/bin/../../lib/gcc/pic32mx/4.8.3/../../../../pic32mx/lib\libc.a(atoi.o)