(---------------------------------------------------------------------)
(                                                                     )
(    Allegro Netrev Import Logic                                      )
(                                                                     )
(    Drawing          : MODULE_RADIO_868M.brd                         )
(    Software Version : 16.6-2015S058                                 )
(    Date/Time        : Fri Apr 07 16:24:26 2017                      )
(                                                                     )
(---------------------------------------------------------------------)


------ Directives ------------

Ripup etch:                  No
Ripup delete first segment:  No
Ripup retain bondwire:       No
Ripup symbols:               Always
Missing symbol has error:    No
DRC update:                  Yes
Schematic directory:         'H:\PROJET MODULES DE TRANSMISSION 868MHZ\SCHÉMA 2\allegro'
Design Directory:            '.'
Old design name:             'H:/projet Modules de transmission 868MHz/schéma/allegro/MODULE_RADIO_868M.brd'
New design name:             'MODULE_RADIO_868M.brd'

CmdLine: netrev.exe -y 1 -i H:\PROJET MODULES DE TRANSMISSION 868MHZ\SCHÉMA 2\allegro H:\projet Modules de transmission 868MHz\schéma\allegro\MODULE_RADIO_868M.brd H:\PROJET MODULES DE TRANSMISSION 868MHZ\SCHÉMA 2\allegro\MODULE_RADIO_868M.brd

------ Preparing to read pst files ------

Starting to read H:/PROJET MODULES DE TRANSMISSION 868MHZ/SCHÉMA 2/allegro/pstchip.dat 
   Finished reading H:/PROJET MODULES DE TRANSMISSION 868MHZ/SCHÉMA 2/allegro/pstchip.dat (00:00:00.03)
Starting to read H:/PROJET MODULES DE TRANSMISSION 868MHZ/SCHÉMA 2/allegro/pstxprt.dat 
   Finished reading H:/PROJET MODULES DE TRANSMISSION 868MHZ/SCHÉMA 2/allegro/pstxprt.dat (00:00:00.01)
Starting to read H:/PROJET MODULES DE TRANSMISSION 868MHZ/SCHÉMA 2/allegro/pstxnet.dat 
   Finished reading H:/PROJET MODULES DE TRANSMISSION 868MHZ/SCHÉMA 2/allegro/pstxnet.dat (00:00:00.00)

------ Oversights/Warnings/Errors ------


------ Library Paths ------
MODULEPATH =  . 
           C:/Cadence/SPB_16.6/share/local/pcb/modules 

PSMPATH =  . 
           symbols 
           .. 
           ../symbols 
           C:/Cadence/SPB_16.6/share/local/pcb/symbols 
           C:/Cadence/SPB_16.6/share/pcb/pcb_lib/symbols 
           C:/Cadence/SPB_16.6/share/pcb/allegrolib/symbols 
           H:\INFO\ORCAD\LIBRARY\PADSTACKS\ 
           K:\ES\ORCADLIB\PCB_Designer\ETML_LIB\Padstacks_ETML\ 
           K:\ES\ORCADLIB\PCB_Designer\Padstacks Fiducials\ 
           K:\ES\ORCADLIB\PCB_Designer\Padstacks nonplated\ 
           K:\ES\ORCADLIB\PCB_Designer\Padstacks plated\ 
           K:\ES\ORCADLIB\PCB_Designer\Padstacks Testpoint\ 
           K:\ES\ORCADLIB\PCB_Designer\Padstacks Via\ 
           H:\INFO\ORCAD\LIBRARY\FOOTPRINTS\ 
           H:\INFO\ORCAD\LIBRARY\MYBOARDS\ 
           K:\ES\ORCADLIB\PCB_DESIGNER\ETML_LIB\Affich_signal\ 
           K:\ES\ORCADLIB\PCB_Designer\ETML_LIB\Boards_ETML\ 
           K:\ES\ORCADLIB\PCB_Designer\ETML_LIB\Boitiers_DIP\ 
           K:\ES\ORCADLIB\PCB_Designer\ETML_LIB\Boitiers_DPAK\ 
           K:\ES\ORCADLIB\PCB_Designer\ETML_LIB\Boitiers_LGA\ 
           K:\ES\ORCADLIB\PCB_Designer\ETML_LIB\Boitiers_LQFP\ 
           K:\ES\ORCADLIB\PCB_Designer\ETML_LIB\Boitiers_MSOP\ 
           K:\ES\ORCADLIB\PCB_Designer\ETML_LIB\Boitiers_QFN\ 
           K:\ES\ORCADLIB\PCB_Designer\ETML_LIB\Boitiers_SIP\ 
           K:\ES\ORCADLIB\PCB_Designer\ETML_LIB\Boitiers_SO\ 
           K:\ES\ORCADLIB\PCB_Designer\ETML_LIB\Boitiers_SOT\ 
           K:\ES\ORCADLIB\PCB_Designer\ETML_LIB\Boitiers_SSOP\ 
           K:\ES\ORCADLIB\PCB_Designer\ETML_LIB\Boitiers_TO\ 
           K:\ES\ORCADLIB\PCB_Designer\ETML_LIB\Boitiers_TQFP\ 
           K:\ES\ORCADLIB\PCB_Designer\ETML_LIB\Boitiers_TSOC\ 
           K:\ES\ORCADLIB\PCB_Designer\ETML_LIB\Boitiers_TSOP\ 
           K:\ES\ORCADLIB\PCB_Designer\ETML_LIB\Boitiers_TSSOP\ 
           K:\ES\ORCADLIB\PCB_Designer\ETML_LIB\Boitiers_VQFN\ 
           K:\ES\ORCADLIB\PCB_Designer\ETML_LIB\Capteurs\ 
           K:\ES\ORCADLIB\PCB_Designer\ETML_LIB\Cartouches_Feuilles\ 
           K:\ES\ORCADLIB\PCB_Designer\ETML_LIB\Condensateurs\ 
           K:\ES\ORCADLIB\PCB_Designer\ETML_LIB\Connec_alim\ 
           K:\ES\ORCADLIB\PCB_Designer\ETML_LIB\Connec_Barrette\ 
           K:\ES\ORCADLIB\PCB_Designer\ETML_LIB\Connec_Bornes\ 
           K:\ES\ORCADLIB\PCB_Designer\ETML_LIB\Connec_Cartes\ 
           K:\ES\ORCADLIB\PCB_Designer\ETML_LIB\Connec_Din\ 
           K:\ES\ORCADLIB\PCB_Designer\ETML_LIB\Connec_Dsub\ 
           K:\ES\ORCADLIB\PCB_Designer\ETML_LIB\Connec_ethernet\ 
           K:\ES\ORCADLIB\PCB_Designer\ETML_LIB\Connec_FFC\ 
           K:\ES\ORCADLIB\PCB_Designer\ETML_LIB\Connec_Phoenix\ 
           K:\ES\ORCADLIB\PCB_Designer\ETML_LIB\Connec_plat\ 
           K:\ES\ORCADLIB\PCB_Designer\ETML_LIB\Connec_RJ\ 
           K:\ES\ORCADLIB\PCB_Designer\ETML_LIB\Connec_Socle\ 
           K:\ES\ORCADLIB\PCB_Designer\ETML_LIB\Connec_USB\ 
           K:\ES\ORCADLIB\PCB_Designer\ETML_LIB\Crystal\ 
           K:\ES\ORCADLIB\PCB_DESIGNER\ETML_LIB\Diodes\ 
           K:\ES\ORCADLIB\PCB_Designer\ETML_LIB\Discr_Th&Tr\ 
           K:\ES\ORCADLIB\PCB_Designer\ETML_LIB\Fusible_Disj\ 
           K:\ES\ORCADLIB\PCB_DESIGNER\ETML_LIB\IC_ana_ampli_OP\ 
           K:\ES\ORCADLIB\PCB_Designer\ETML_LIB\IC_ana_ampli_sp\ 
           K:\ES\ORCADLIB\PCB_Designer\ETML_LIB\IC_ana_comp\ 
           K:\ES\ORCADLIB\PCB_Designer\ETML_LIB\IC_ana_convert\ 
           K:\ES\ORCADLIB\PCB_Designer\ETML_LIB\IC_ana_drivers\ 
           K:\ES\ORCADLIB\PCB_Designer\ETML_LIB\IC_ana_opto\ 
           K:\ES\ORCADLIB\PCB_Designer\ETML_LIB\IC_ana_regul\ 
           K:\ES\ORCADLIB\PCB_Designer\ETML_LIB\IC_ana_special\ 
           K:\ES\ORCADLIB\PCB_Designer\ETML_LIB\IC_num_CMOS\ 
           K:\ES\ORCADLIB\PCB_Designer\ETML_LIB\IC_num_cod_decod\ 
           K:\ES\ORCADLIB\PCB_Designer\ETML_LIB\IC_num_HC\ 
           K:\ES\ORCADLIB\PCB_Designer\ETML_LIB\IC_num_LV\ 
           K:\ES\ORCADLIB\PCB_Designer\ETML_LIB\IC_num_micro\ 
           K:\ES\ORCADLIB\PCB_Designer\ETML_LIB\IC_num_PLD\ 
           K:\ES\ORCADLIB\PCB_Designer\ETML_LIB\IC_num_special\ 
           K:\ES\ORCADLIB\PCB_Designer\ETML_LIB\IC_num_TTL\ 
           K:\ES\ORCADLIB\PCB_Designer\ETML_LIB\Inductances\ 
           K:\ES\ORCADLIB\PCB_Designer\ETML_LIB\Lect_carte_sd\ 
           K:\ES\ORCADLIB\PCB_Designer\ETML_LIB\Modul_puiss\ 
           K:\ES\ORCADLIB\PCB_Designer\ETML_LIB\Moteurs\ 
           K:\ES\ORCADLIB\PCB_DESIGNER\ETML_LIB\Piles_Accus\ 
           K:\ES\ORCADLIB\PCB_Designer\ETML_LIB\Relais\ 
           K:\ES\ORCADLIB\PCB_Designer\ETML_LIB\Resistances\ 
           K:\ES\ORCADLIB\PCB_Designer\ETML_LIB\Speciaux\ 
           K:\ES\ORCADLIB\PCB_Designer\ETML_LIB\Switch_commut\ 
           K:\ES\ORCADLIB\PCB_Designer\ETML_LIB\Switch_inter\ 
           K:\ES\ORCADLIB\PCB_Designer\ETML_LIB\Switch_micro\ 
           K:\ES\ORCADLIB\PCB_Designer\ETML_LIB\Transformateurs\ 
           K:\ES\ORCADLIB\PCB_Designer\BGA 0.50mm Pitch\ 
           K:\ES\ORCADLIB\PCB_Designer\BGA 0.65mm Pitch\ 
           K:\ES\ORCADLIB\PCB_Designer\BGA 0.75mm Pitch\ 
           K:\ES\ORCADLIB\PCB_DESIGNER\BGA 0.80MM PITCH\ 
           K:\ES\ORCADLIB\PCB_Designer\BGA 1.00mm Pitch\ 
           K:\ES\ORCADLIB\PCB_Designer\BGA 1.27mm Pitch\ 
           K:\ES\ORCADLIB\PCB_Designer\CAE\ 
           K:\ES\ORCADLIB\PCB_Designer\CHP Capacitor non-polarized\ 
           K:\ES\ORCADLIB\PCB_Designer\CHP Capacitor Polarized\ 
           K:\ES\ORCADLIB\PCB_Designer\CHP Capacitor Wire Rectangle\ 
           K:\ES\ORCADLIB\PCB_Designer\CHP Inductor\ 
           K:\ES\ORCADLIB\PCB_Designer\CHP LED\ 
           K:\ES\ORCADLIB\PCB_Designer\CHP Resistor\ 
           K:\ES\ORCADLIB\PCB_Designer\CHPA Concave 2 side\ 
           K:\ES\ORCADLIB\PCB_Designer\CHPA Concave 4 side\ 
           K:\ES\ORCADLIB\PCB_Designer\CHPA Convex 2 side\ 
           K:\ES\ORCADLIB\PCB_Designer\CHPA flat 2 side\ 
           K:\ES\ORCADLIB\PCB_Designer\Customized\ 
           K:\ES\ORCADLIB\PCB_DESIGNER\devices\ 
           K:\ES\ORCADLIB\PCB_Designer\Generic Connectors\ 
           K:\ES\ORCADLIB\PCB_Designer\KeyPad Rubber Oval\ 
           K:\ES\ORCADLIB\PCB_Designer\KeyPad Rubber Round\ 
           K:\ES\ORCADLIB\PCB_DESIGNER\KeyPad Rubber Spiral\ 
           K:\ES\ORCADLIB\PCB_Designer\LGA\ 
           K:\ES\ORCADLIB\PCB_Designer\MELF Diode\ 
           K:\ES\ORCADLIB\PCB_Designer\MELF Resistor\ 
           K:\ES\ORCADLIB\PCB_Designer\MLD Capacitor\ 
           K:\ES\ORCADLIB\PCB_Designer\MLD Diode\ 
           K:\ES\ORCADLIB\PCB_Designer\MLD Inductor\ 
           K:\ES\ORCADLIB\PCB_Designer\MLD Precision Inductor\ 
           K:\ES\ORCADLIB\PCB_Designer\MLD Resistor\ 
           K:\ES\ORCADLIB\PCB_Designer\MTH nonPlated Inch\ 
           K:\ES\ORCADLIB\PCB_Designer\MTH nonPlated Metric\ 
           K:\ES\ORCADLIB\PCB_Designer\MTH Plated Inch\ 
           K:\ES\ORCADLIB\PCB_Designer\MTH Plated Metric\ 
           K:\ES\ORCADLIB\PCB_Designer\OSC Corner-Concave\ 
           K:\ES\ORCADLIB\PCB_DESIGNER\OSC J-lead\ 
           K:\ES\ORCADLIB\PCB_DESIGNER\OSC L-lead\ 
           K:\ES\ORCADLIB\PCB_Designer\OSC Side-Concave\ 
           K:\ES\ORCADLIB\PCB_DESIGNER\OSC Side-Flat\ 
           K:\ES\ORCADLIB\PCB_Designer\QFN 0.40mm Pitch\ 
           K:\ES\ORCADLIB\PCB_Designer\QFN 0.50mm Pitch\ 
           K:\ES\ORCADLIB\PCB_Designer\QFN 0.65mm Pitch\ 
           K:\ES\ORCADLIB\PCB_Designer\QFN 0.80mm Pitch\ 
           K:\ES\ORCADLIB\PCB_Designer\SOD\ 
           K:\ES\ORCADLIB\PCB_Designer\SOIC 0.635mm Pitch\ 
           K:\ES\ORCADLIB\PCB_Designer\SOIC 0.80mm Pitch\ 
           K:\ES\ORCADLIB\PCB_Designer\SOIC 1.00mm Pitch\ 
           K:\ES\ORCADLIB\PCB_Designer\SOIC 1.27mm Pitch\ 
           K:\ES\ORCADLIB\PCB_Designer\SOIC 2.54mm Pitch\ 
           K:\ES\ORCADLIB\PCB_Designer\SOIC ThinShrink 0.40mm Pitch\ 
           K:\ES\ORCADLIB\PCB_Designer\SOIC ThinShrink 0.50mm Pitch\ 
           K:\ES\ORCADLIB\PCB_Designer\SOIC ThinShrink 0.55mm Pitch\ 
           K:\ES\ORCADLIB\PCB_Designer\SOIC ThinShrink 0.65mm Pitch\ 
           K:\ES\ORCADLIB\PCB_Designer\SOJ 0.65mm Pitch\ 
           K:\ES\ORCADLIB\PCB_Designer\SOJ 1.27mm Pitch\ 
           K:\ES\ORCADLIB\PCB_Designer\SON 0.50mm Pitch\ 
           K:\ES\ORCADLIB\PCB_Designer\SON 0.65mm Pitch\ 
           K:\ES\ORCADLIB\PCB_Designer\SON 0.80mm Pitch\ 
           K:\ES\ORCADLIB\PCB_Designer\SON 0.95mm Pitch\ 
           K:\ES\ORCADLIB\PCB_Designer\SON 1.00mm Pitch\ 
           K:\ES\ORCADLIB\PCB_Designer\SOT\ 
           K:\ES\ORCADLIB\PCB_DESIGNER\SYMBOLS\ 
           K:\ES\ORCADLIB\PCB_Designer\THT Axial Leads\ 
           K:\ES\ORCADLIB\PCB_Designer\THT DIP\ 
           K:\ES\ORCADLIB\PCB_Designer\THT DO\ 
           K:\ES\ORCADLIB\PCB_Designer\THT Polarized Radial Capacitors\ 
           K:\ES\ORCADLIB\PCB_Designer\THT Radial Oval Capacitor\ 
           K:\ES\ORCADLIB\PCB_Designer\TO 

PADPATH =  . 
           symbols 
           .. 
           ../symbols 
           C:/Cadence/SPB_16.6/share/local/pcb/padstacks 
           C:/Cadence/SPB_16.6/share/pcb/pcb_lib/symbols 
           C:/Cadence/SPB_16.6/share/pcb/allegrolib/symbols 
           H:\INFO\ORCAD\LIBRARY\PADSTACKS\ 
           K:\ES\ORCADLIB\PCB_Designer\ETML_LIB\Padstacks_ETML\ 
           K:\ES\ORCADLIB\PCB_Designer\Padstacks Fiducials\ 
           K:\ES\ORCADLIB\PCB_Designer\Padstacks nonplated\ 
           K:\ES\ORCADLIB\PCB_Designer\Padstacks plated\ 
           K:\ES\ORCADLIB\PCB_Designer\Padstacks Testpoint\ 
           K:\ES\ORCADLIB\PCB_Designer\Padstacks Via\ 
           H:\INFO\ORCAD\LIBRARY\FOOTPRINTS\ 
           H:\INFO\ORCAD\LIBRARY\MYBOARDS\ 
           K:\ES\ORCADLIB\PCB_DESIGNER\ETML_LIB\Affich_signal\ 
           K:\ES\ORCADLIB\PCB_Designer\ETML_LIB\Boards_ETML\ 
           K:\ES\ORCADLIB\PCB_Designer\ETML_LIB\Boitiers_DIP\ 
           K:\ES\ORCADLIB\PCB_Designer\ETML_LIB\Boitiers_DPAK\ 
           K:\ES\ORCADLIB\PCB_Designer\ETML_LIB\Boitiers_LGA\ 
           K:\ES\ORCADLIB\PCB_Designer\ETML_LIB\Boitiers_LQFP\ 
           K:\ES\ORCADLIB\PCB_Designer\ETML_LIB\Boitiers_MSOP\ 
           K:\ES\ORCADLIB\PCB_Designer\ETML_LIB\Boitiers_QFN\ 
           K:\ES\ORCADLIB\PCB_Designer\ETML_LIB\Boitiers_SIP\ 
           K:\ES\ORCADLIB\PCB_Designer\ETML_LIB\Boitiers_SO\ 
           K:\ES\ORCADLIB\PCB_Designer\ETML_LIB\Boitiers_SOT\ 
           K:\ES\ORCADLIB\PCB_Designer\ETML_LIB\Boitiers_SSOP\ 
           K:\ES\ORCADLIB\PCB_Designer\ETML_LIB\Boitiers_TO\ 
           K:\ES\ORCADLIB\PCB_Designer\ETML_LIB\Boitiers_TQFP\ 
           K:\ES\ORCADLIB\PCB_Designer\ETML_LIB\Boitiers_TSOC\ 
           K:\ES\ORCADLIB\PCB_Designer\ETML_LIB\Boitiers_TSOP\ 
           K:\ES\ORCADLIB\PCB_Designer\ETML_LIB\Boitiers_TSSOP\ 
           K:\ES\ORCADLIB\PCB_Designer\ETML_LIB\Boitiers_VQFN\ 
           K:\ES\ORCADLIB\PCB_Designer\ETML_LIB\Capteurs\ 
           K:\ES\ORCADLIB\PCB_Designer\ETML_LIB\Cartouches_Feuilles\ 
           K:\ES\ORCADLIB\PCB_Designer\ETML_LIB\Condensateurs\ 
           K:\ES\ORCADLIB\PCB_Designer\ETML_LIB\Connec_alim\ 
           K:\ES\ORCADLIB\PCB_Designer\ETML_LIB\Connec_Barrette\ 
           K:\ES\ORCADLIB\PCB_Designer\ETML_LIB\Connec_Bornes\ 
           K:\ES\ORCADLIB\PCB_Designer\ETML_LIB\Connec_Cartes\ 
           K:\ES\ORCADLIB\PCB_Designer\ETML_LIB\Connec_Din\ 
           K:\ES\ORCADLIB\PCB_Designer\ETML_LIB\Connec_Dsub\ 
           K:\ES\ORCADLIB\PCB_Designer\ETML_LIB\Connec_ethernet\ 
           K:\ES\ORCADLIB\PCB_Designer\ETML_LIB\Connec_FFC\ 
           K:\ES\ORCADLIB\PCB_Designer\ETML_LIB\Connec_Phoenix\ 
           K:\ES\ORCADLIB\PCB_Designer\ETML_LIB\Connec_plat\ 
           K:\ES\ORCADLIB\PCB_Designer\ETML_LIB\Connec_RJ\ 
           K:\ES\ORCADLIB\PCB_Designer\ETML_LIB\Connec_Socle\ 
           K:\ES\ORCADLIB\PCB_Designer\ETML_LIB\Connec_USB\ 
           K:\ES\ORCADLIB\PCB_Designer\ETML_LIB\Crystal\ 
           K:\ES\ORCADLIB\PCB_DESIGNER\ETML_LIB\Diodes\ 
           K:\ES\ORCADLIB\PCB_Designer\ETML_LIB\Discr_Th&Tr\ 
           K:\ES\ORCADLIB\PCB_Designer\ETML_LIB\Fusible_Disj\ 
           K:\ES\ORCADLIB\PCB_DESIGNER\ETML_LIB\IC_ana_ampli_OP\ 
           K:\ES\ORCADLIB\PCB_Designer\ETML_LIB\IC_ana_ampli_sp\ 
           K:\ES\ORCADLIB\PCB_Designer\ETML_LIB\IC_ana_comp\ 
           K:\ES\ORCADLIB\PCB_Designer\ETML_LIB\IC_ana_convert\ 
           K:\ES\ORCADLIB\PCB_Designer\ETML_LIB\IC_ana_drivers\ 
           K:\ES\ORCADLIB\PCB_Designer\ETML_LIB\IC_ana_opto\ 
           K:\ES\ORCADLIB\PCB_Designer\ETML_LIB\IC_ana_regul\ 
           K:\ES\ORCADLIB\PCB_Designer\ETML_LIB\IC_ana_special\ 
           K:\ES\ORCADLIB\PCB_Designer\ETML_LIB\IC_num_CMOS\ 
           K:\ES\ORCADLIB\PCB_Designer\ETML_LIB\IC_num_cod_decod\ 
           K:\ES\ORCADLIB\PCB_Designer\ETML_LIB\IC_num_HC\ 
           K:\ES\ORCADLIB\PCB_Designer\ETML_LIB\IC_num_LV\ 
           K:\ES\ORCADLIB\PCB_Designer\ETML_LIB\IC_num_micro\ 
           K:\ES\ORCADLIB\PCB_Designer\ETML_LIB\IC_num_PLD\ 
           K:\ES\ORCADLIB\PCB_Designer\ETML_LIB\IC_num_special\ 
           K:\ES\ORCADLIB\PCB_Designer\ETML_LIB\IC_num_TTL\ 
           K:\ES\ORCADLIB\PCB_Designer\ETML_LIB\Inductances\ 
           K:\ES\ORCADLIB\PCB_Designer\ETML_LIB\Lect_carte_sd\ 
           K:\ES\ORCADLIB\PCB_Designer\ETML_LIB\Modul_puiss\ 
           K:\ES\ORCADLIB\PCB_Designer\ETML_LIB\Moteurs\ 
           K:\ES\ORCADLIB\PCB_DESIGNER\ETML_LIB\Piles_Accus\ 
           K:\ES\ORCADLIB\PCB_Designer\ETML_LIB\Relais\ 
           K:\ES\ORCADLIB\PCB_Designer\ETML_LIB\Resistances\ 
           K:\ES\ORCADLIB\PCB_Designer\ETML_LIB\Speciaux\ 
           K:\ES\ORCADLIB\PCB_Designer\ETML_LIB\Switch_commut\ 
           K:\ES\ORCADLIB\PCB_Designer\ETML_LIB\Switch_inter\ 
           K:\ES\ORCADLIB\PCB_Designer\ETML_LIB\Switch_micro\ 
           K:\ES\ORCADLIB\PCB_Designer\ETML_LIB\Transformateurs\ 
           K:\ES\ORCADLIB\PCB_Designer\BGA 0.50mm Pitch\ 
           K:\ES\ORCADLIB\PCB_Designer\BGA 0.65mm Pitch\ 
           K:\ES\ORCADLIB\PCB_Designer\BGA 0.75mm Pitch\ 
           K:\ES\ORCADLIB\PCB_DESIGNER\BGA 0.80MM PITCH\ 
           K:\ES\ORCADLIB\PCB_Designer\BGA 1.00mm Pitch\ 
           K:\ES\ORCADLIB\PCB_Designer\BGA 1.27mm Pitch\ 
           K:\ES\ORCADLIB\PCB_Designer\CAE\ 
           K:\ES\ORCADLIB\PCB_Designer\CHP Capacitor non-polarized\ 
           K:\ES\ORCADLIB\PCB_Designer\CHP Capacitor Polarized\ 
           K:\ES\ORCADLIB\PCB_Designer\CHP Capacitor Wire Rectangle\ 
           K:\ES\ORCADLIB\PCB_Designer\CHP Inductor\ 
           K:\ES\ORCADLIB\PCB_Designer\CHP LED\ 
           K:\ES\ORCADLIB\PCB_Designer\CHP Resistor\ 
           K:\ES\ORCADLIB\PCB_Designer\CHPA Concave 2 side\ 
           K:\ES\ORCADLIB\PCB_Designer\CHPA Concave 4 side\ 
           K:\ES\ORCADLIB\PCB_Designer\CHPA Convex 2 side\ 
           K:\ES\ORCADLIB\PCB_Designer\CHPA flat 2 side\ 
           K:\ES\ORCADLIB\PCB_Designer\Customized\ 
           K:\ES\ORCADLIB\PCB_DESIGNER\devices\ 
           K:\ES\ORCADLIB\PCB_Designer\Generic Connectors\ 
           K:\ES\ORCADLIB\PCB_Designer\KeyPad Rubber Oval\ 
           K:\ES\ORCADLIB\PCB_Designer\KeyPad Rubber Round\ 
           K:\ES\ORCADLIB\PCB_DESIGNER\KeyPad Rubber Spiral\ 
           K:\ES\ORCADLIB\PCB_Designer\LGA\ 
           K:\ES\ORCADLIB\PCB_Designer\MELF Diode\ 
           K:\ES\ORCADLIB\PCB_Designer\MELF Resistor\ 
           K:\ES\ORCADLIB\PCB_Designer\MLD Capacitor\ 
           K:\ES\ORCADLIB\PCB_Designer\MLD Diode\ 
           K:\ES\ORCADLIB\PCB_Designer\MLD Inductor\ 
           K:\ES\ORCADLIB\PCB_Designer\MLD Precision Inductor\ 
           K:\ES\ORCADLIB\PCB_Designer\MLD Resistor\ 
           K:\ES\ORCADLIB\PCB_Designer\MTH nonPlated Inch\ 
           K:\ES\ORCADLIB\PCB_Designer\MTH nonPlated Metric\ 
           K:\ES\ORCADLIB\PCB_Designer\MTH Plated Inch\ 
           K:\ES\ORCADLIB\PCB_Designer\MTH Plated Metric\ 
           K:\ES\ORCADLIB\PCB_Designer\OSC Corner-Concave\ 
           K:\ES\ORCADLIB\PCB_DESIGNER\OSC J-lead\ 
           K:\ES\ORCADLIB\PCB_DESIGNER\OSC L-lead\ 
           K:\ES\ORCADLIB\PCB_Designer\OSC Side-Concave\ 
           K:\ES\ORCADLIB\PCB_DESIGNER\OSC Side-Flat\ 
           K:\ES\ORCADLIB\PCB_Designer\QFN 0.40mm Pitch\ 
           K:\ES\ORCADLIB\PCB_Designer\QFN 0.50mm Pitch\ 
           K:\ES\ORCADLIB\PCB_Designer\QFN 0.65mm Pitch\ 
           K:\ES\ORCADLIB\PCB_Designer\QFN 0.80mm Pitch\ 
           K:\ES\ORCADLIB\PCB_Designer\SOD\ 
           K:\ES\ORCADLIB\PCB_Designer\SOIC 0.635mm Pitch\ 
           K:\ES\ORCADLIB\PCB_Designer\SOIC 0.80mm Pitch\ 
           K:\ES\ORCADLIB\PCB_Designer\SOIC 1.00mm Pitch\ 
           K:\ES\ORCADLIB\PCB_Designer\SOIC 1.27mm Pitch\ 
           K:\ES\ORCADLIB\PCB_Designer\SOIC 2.54mm Pitch\ 
           K:\ES\ORCADLIB\PCB_Designer\SOIC ThinShrink 0.40mm Pitch\ 
           K:\ES\ORCADLIB\PCB_Designer\SOIC ThinShrink 0.50mm Pitch\ 
           K:\ES\ORCADLIB\PCB_Designer\SOIC ThinShrink 0.55mm Pitch\ 
           K:\ES\ORCADLIB\PCB_Designer\SOIC ThinShrink 0.65mm Pitch\ 
           K:\ES\ORCADLIB\PCB_Designer\SOJ 0.65mm Pitch\ 
           K:\ES\ORCADLIB\PCB_Designer\SOJ 1.27mm Pitch\ 
           K:\ES\ORCADLIB\PCB_Designer\SON 0.50mm Pitch\ 
           K:\ES\ORCADLIB\PCB_Designer\SON 0.65mm Pitch\ 
           K:\ES\ORCADLIB\PCB_Designer\SON 0.80mm Pitch\ 
           K:\ES\ORCADLIB\PCB_Designer\SON 0.95mm Pitch\ 
           K:\ES\ORCADLIB\PCB_Designer\SON 1.00mm Pitch\ 
           K:\ES\ORCADLIB\PCB_Designer\SOT\ 
           K:\ES\ORCADLIB\PCB_DESIGNER\SYMBOLS\ 
           K:\ES\ORCADLIB\PCB_Designer\THT Axial Leads\ 
           K:\ES\ORCADLIB\PCB_Designer\THT DIP\ 
           K:\ES\ORCADLIB\PCB_Designer\THT DO\ 
           K:\ES\ORCADLIB\PCB_Designer\THT Polarized Radial Capacitors\ 
           K:\ES\ORCADLIB\PCB_Designer\THT Radial Oval Capacitor\ 
           K:\ES\ORCADLIB\PCB_Designer\TO 


------ Summary Statistics ------


netrev run on Apr 7 16:24:26 2017
   DESIGN NAME : 'MODULE_RADIO_868M'
   PACKAGING ON Aug  3 2015 18:16:55

   COMPILE 'logic'
   CHECK_PIN_NAMES OFF
   CROSS_REFERENCE OFF
   FEEDBACK OFF
   INCREMENTAL OFF
   INTERFACE_TYPE PHYSICAL
   MAX_ERRORS 500
   MERGE_MINIMUM 5
   NET_NAME_CHARS '#%&()*+-./:=>?@[]^_`|'
   NET_NAME_LENGTH 24
   OVERSIGHTS ON
   REPLACE_CHECK OFF
   SINGLE_NODE_NETS ON
   SPLIT_MINIMUM 0
   SUPPRESS   20
   WARNINGS ON

 No error detected
 No oversight detected
 No warning detected

cpu time      0:01:30
elapsed time  0:00:00

